Component: ARM Compiler 5.06 update 5 (build 528) Tool: armlink [4d35e2]

==============================================================================

Section Cross References

    main.o(i.main) refers to h1_alloc.o(.text) for malloc
    main.o(i.main) refers to hardware_init.o(i.hardware_init) for hardware_init
    main.o(i.main) refers to init.o(i.ADC0_init) for ADC0_init
    main.o(i.main) refers to init.o(i.PIT0_init) for PIT0_init
    main.o(i.main) refers to init.o(i.PIT1_init) for PIT1_init
    main.o(i.main) refers to init.o(i.PIT2_init) for PIT2_init
    main.o(i.main) refers to init.o(i.DAC0_init) for DAC0_init
    main.o(i.main) refers to init.o(i.buttons_init) for buttons_init
    main.o(i.main) refers to init.o(i.segment_init) for segment_init
    main.o(i.main) refers to led_frdm_k64f.o(i.LED_Initialize) for LED_Initialize
    main.o(i.main) refers to main.o(i.__NVIC_SetPriority) for __NVIC_SetPriority
    main.o(i.main) refers to fsl_debug_console.o(i.debug_printf) for debug_printf
    main.o(i.main) refers to fsl_debug_console.o(i.debug_getchar) for debug_getchar
    main.o(i.main) refers to main.o(i.PIT_StartTimer) for PIT_StartTimer
    main.o(i.main) refers to seg_lib.o(i.setZero) for setZero
    main.o(i.main) refers to seg_lib.o(i.setOne) for setOne
    main.o(i.main) refers to seg_lib.o(i.setTwo) for setTwo
    main.o(i.main) refers to seg_lib.o(i.setThree) for setThree
    main.o(i.main) refers to seg_lib.o(i.setFour) for setFour
    main.o(i.main) refers to seg_lib.o(i.setFive) for setFive
    main.o(i.main) refers to seg_lib.o(i.setSix) for setSix
    main.o(i.main) refers to seg_lib.o(i.setSeven) for setSeven
    main.o(i.main) refers to seg_lib.o(i.setEight) for setEight
    main.o(i.main) refers to seg_lib.o(i.setNine) for setNine
    main.o(i.main) refers to seg_lib.o(i.set_display) for set_display
    main.o(i.main) refers to seg_lib.o(.data) for digit
    main.o(i.main) refers to init.o(.data) for avg
    converter.o(i.raw_to_temp) refers to dflt_clz.o(x$fpl$dflt) for __aeabi_i2d
    converter.o(i.raw_to_temp) refers to dmul.o(x$fpl$dmul) for __aeabi_dmul
    converter.o(i.raw_to_temp) refers to daddsub_clz.o(x$fpl$dsub) for __aeabi_dsub
    converter.o(i.raw_to_temp) refers to dfix.o(x$fpl$dfix) for __aeabi_d2iz
    converter.o(i.raw_to_temp) refers to daddsub_clz.o(x$fpl$dadd) for __aeabi_dadd
    init.o(i.ADC0_IRQHandler) refers to assert.o(.text) for __aeabi_assert
    init.o(i.ADC0_IRQHandler) refers to init.o(.data) for value
    init.o(i.ADC0_init) refers to fsl_adc16.o(i.ADC16_GetDefaultConfig) for ADC16_GetDefaultConfig
    init.o(i.ADC0_init) refers to fsl_adc16.o(i.ADC16_Init) for ADC16_Init
    init.o(i.ADC0_init) refers to fsl_adc16.o(i.ADC16_DoAutoCalibration) for ADC16_DoAutoCalibration
    init.o(i.ADC0_init) refers to fsl_debug_console.o(i.debug_printf) for debug_printf
    init.o(i.ADC0_init) refers to init.o(.bss) for adc0_config
    init.o(i.ADC0_init) refers to init.o(.data) for adc0_channel
    init.o(i.DAC0_init) refers to fsl_dac.o(i.DAC_GetDefaultConfig) for DAC_GetDefaultConfig
    init.o(i.DAC0_init) refers to fsl_dac.o(i.DAC_Init) for DAC_Init
    init.o(i.DAC0_init) refers to init.o(i.DAC0_set_value) for DAC0_set_value
    init.o(i.DAC0_init) refers to init.o(.data) for dac0_config
    init.o(i.EnableIRQ) refers to init.o(i.__NVIC_EnableIRQ) for __NVIC_EnableIRQ
    init.o(i.NMI_Handler) refers to init.o(.data) for debouncer
    init.o(i.PIT0_IRQHandler) refers to h1_alloc.o(.text) for malloc
    init.o(i.PIT0_IRQHandler) refers to fsl_adc16.o(i.ADC16_SetChannelConfig) for ADC16_SetChannelConfig
    init.o(i.PIT0_IRQHandler) refers to init.o(i.EnableIRQ) for EnableIRQ
    init.o(i.PIT0_IRQHandler) refers to fsl_adc16.o(i.ADC16_GetStatusFlags) for ADC16_GetStatusFlags
    init.o(i.PIT0_IRQHandler) refers to converter.o(i.removeMinMax) for removeMinMax
    init.o(i.PIT0_IRQHandler) refers to converter.o(i.raw_to_temp) for raw_to_temp
    init.o(i.PIT0_IRQHandler) refers to init.o(i.DAC0_set_value) for DAC0_set_value
    init.o(i.PIT0_IRQHandler) refers to h1_free.o(.text) for free
    init.o(i.PIT0_IRQHandler) refers to init.o(.data) for stable
    init.o(i.PIT0_init) refers to fsl_pit.o(i.PIT_Init) for PIT_Init
    init.o(i.PIT0_init) refers to init.o(i.PIT_SetTimerPeriod) for PIT_SetTimerPeriod
    init.o(i.PIT0_init) refers to init.o(i.PIT_EnableInterrupts) for PIT_EnableInterrupts
    init.o(i.PIT0_init) refers to init.o(i.PIT_ClearStatusFlags) for PIT_ClearStatusFlags
    init.o(i.PIT0_init) refers to init.o(i.EnableIRQ) for EnableIRQ
    init.o(i.PIT0_init) refers to init.o(.data) for pit0_config
    init.o(i.PIT1_IRQHandler) refers to init.o(.data) for debouncer
    init.o(i.PIT1_init) refers to fsl_pit.o(i.PIT_Init) for PIT_Init
    init.o(i.PIT1_init) refers to init.o(i.PIT_SetTimerPeriod) for PIT_SetTimerPeriod
    init.o(i.PIT1_init) refers to init.o(i.PIT_EnableInterrupts) for PIT_EnableInterrupts
[...]
    i.DMA1_IRQHandler                        0x00001e1a   Section        0  fsl_edma_irq.o(i.DMA1_IRQHandler)
    i.DMA2_IRQHandler                        0x00001e24   Section        0  fsl_edma_irq.o(i.DMA2_IRQHandler)
    i.DMA3_IRQHandler                        0x00001e2e   Section        0  fsl_edma_irq.o(i.DMA3_IRQHandler)
    i.DMA4_IRQHandler                        0x00001e38   Section        0  fsl_edma_irq.o(i.DMA4_IRQHandler)
    i.DMA5_IRQHandler                        0x00001e42   Section        0  fsl_edma_irq.o(i.DMA5_IRQHandler)
    i.DMA6_IRQHandler                        0x00001e4c   Section        0  fsl_edma_irq.o(i.DMA6_IRQHandler)
    i.DMA7_IRQHandler                        0x00001e56   Section        0  fsl_edma_irq.o(i.DMA7_IRQHandler)
    i.DMA8_IRQHandler                        0x00001e60   Section        0  fsl_edma_irq.o(i.DMA8_IRQHandler)
    i.DMA9_IRQHandler                        0x00001e6a   Section        0  fsl_edma_irq.o(i.DMA9_IRQHandler)
    i.DbgConsole_Init                        0x00001e74   Section        0  fsl_debug_console.o(i.DbgConsole_Init)
    i.EDMA_DRV_ClearIntStatus                0x00001f30   Section        0  fsl_edma_driver.o(i.EDMA_DRV_ClearIntStatus)
    EDMA_DRV_ClearIntStatus                  0x00001f31   Thumb Code    46  fsl_edma_driver.o(i.EDMA_DRV_ClearIntStatus)
    i.EDMA_DRV_IRQHandler                    0x00001f64   Section        0  fsl_edma_driver.o(i.EDMA_DRV_IRQHandler)
    i.EnableIRQ                              0x00001f90   Section        0  init.o(i.EnableIRQ)
    EnableIRQ                                0x00001f91   Thumb Code    24  init.o(i.EnableIRQ)
    i.GPIO_DRV_Init                          0x00001fa8   Section        0  fsl_gpio_driver.o(i.GPIO_DRV_Init)
    i.GPIO_DRV_InputPinInit                  0x00001fd8   Section        0  fsl_gpio_driver.o(i.GPIO_DRV_InputPinInit)
    i.GPIO_DRV_OutputPinInit                 0x000020f8   Section        0  fsl_gpio_driver.o(i.GPIO_DRV_OutputPinInit)
    i.GPIO_HAL_SetPinDir                     0x000021d0   Section        0  fsl_gpio_hal.o(i.GPIO_HAL_SetPinDir)
    i.GPIO_HAL_WritePinOutput                0x00002214   Section        0  fsl_gpio_hal.o(i.GPIO_HAL_WritePinOutput)
    i.INT_SYS_EnableIRQ                      0x00002250   Section        0  fsl_gpio_driver.o(i.INT_SYS_EnableIRQ)
    INT_SYS_EnableIRQ                        0x00002251   Thumb Code    66  fsl_gpio_driver.o(i.INT_SYS_EnableIRQ)
    i.LED_Initialize                         0x000022d4   Section        0  led_frdm_k64f.o(i.LED_Initialize)
    i.NMI_Handler                            0x000022e8   Section        0  init.o(i.NMI_Handler)
    i.OSC_HAL_SetCapacitor                   0x00002320   Section        0  fsl_osc_hal.o(i.OSC_HAL_SetCapacitor)
    i.OSC_HAL_SetExternalRefClkCmd           0x0000232c   Section        0  fsl_clock_manager.o(i.OSC_HAL_SetExternalRefClkCmd)
    OSC_HAL_SetExternalRefClkCmd             0x0000232d   Thumb Code    10  fsl_clock_manager.o(i.OSC_HAL_SetExternalRefClkCmd)
    i.OSC_HAL_SetExternalRefClkInStopModeCmd 0x00002336   Section        0  fsl_clock_manager.o(i.OSC_HAL_SetExternalRefClkInStopModeCmd)
    OSC_HAL_SetExternalRefClkInStopModeCmd   0x00002337   Thumb Code    10  fsl_clock_manager.o(i.OSC_HAL_SetExternalRefClkInStopModeCmd)
    i.PIT0_IRQHandler                        0x00002340   Section        0  init.o(i.PIT0_IRQHandler)
    i.PIT0_init                              0x00002540   Section        0  init.o(i.PIT0_init)
    i.PIT1_IRQHandler                        0x00002584   Section        0  init.o(i.PIT1_IRQHandler)
    i.PIT1_init                              0x0000259c   Section        0  init.o(i.PIT1_init)
    i.PIT2_IRQHandler                        0x000025ec   Section        0  init.o(i.PIT2_IRQHandler)
    i.PIT2_init                              0x0000269c   Section        0  init.o(i.PIT2_init)
    i.PIT_ClearStatusFlags                   0x000026f4   Section        0  init.o(i.PIT_ClearStatusFlags)
    PIT_ClearStatusFlags                     0x000026f5   Thumb Code    12  init.o(i.PIT_ClearStatusFlags)
    i.PIT_EnableInterrupts                   0x00002700   Section        0  init.o(i.PIT_EnableInterrupts)
    PIT_EnableInterrupts                     0x00002701   Thumb Code    26  init.o(i.PIT_EnableInterrupts)
    i.PIT_GetInstance                        0x0000271c   Section        0  fsl_pit.o(i.PIT_GetInstance)
    PIT_GetInstance                          0x0000271d   Thumb Code    46  fsl_pit.o(i.PIT_GetInstance)
    i.PIT_Init                               0x000027b4   Section        0  fsl_pit.o(i.PIT_Init)
    i.PIT_SetTimerPeriod                     0x00002850   Section        0  init.o(i.PIT_SetTimerPeriod)
    PIT_SetTimerPeriod                       0x00002851   Thumb Code    12  init.o(i.PIT_SetTimerPeriod)
    i.PIT_StartTimer                         0x0000285c   Section        0  main.o(i.PIT_StartTimer)
    PIT_StartTimer                           0x0000285d   Thumb Code    26  main.o(i.PIT_StartTimer)
    i.PORTC_IRQHandler                       0x00002878   Section        0  init.o(i.PORTC_IRQHandler)
    i.PORT_HAL_SetDigitalFilterCmd           0x0000288c   Section        0  fsl_gpio_driver.o(i.PORT_HAL_SetDigitalFilterCmd)
    PORT_HAL_SetDigitalFilterCmd             0x0000288d   Thumb Code    42  fsl_gpio_driver.o(i.PORT_HAL_SetDigitalFilterCmd)
    i.PORT_HAL_SetMuxMode                    0x000028c8   Section        0  pin_mux.o(i.PORT_HAL_SetMuxMode)
    PORT_HAL_SetMuxMode                      0x000028c9   Thumb Code    48  pin_mux.o(i.PORT_HAL_SetMuxMode)
    i.PORT_HAL_SetMuxMode                    0x0000290c   Section        0  fsl_gpio_driver.o(i.PORT_HAL_SetMuxMode)
    PORT_HAL_SetMuxMode                      0x0000290d   Thumb Code    48  fsl_gpio_driver.o(i.PORT_HAL_SetMuxMode)
    i.RTC_HAL_SetOscillatorCmd               0x00002950   Section        0  fsl_clock_manager.o(i.RTC_HAL_SetOscillatorCmd)
    RTC_HAL_SetOscillatorCmd                 0x00002951   Thumb Code    14  fsl_clock_manager.o(i.RTC_HAL_SetOscillatorCmd)
    i.SIM_HAL_EnableClock                    0x0000295e   Section        0  fsl_clock_mk64f12.o(i.SIM_HAL_EnableClock)
    SIM_HAL_EnableClock                      0x0000295f   Thumb Code    34  fsl_clock_mk64f12.o(i.SIM_HAL_EnableClock)
    i.SystemInit                             0x00002980   Section        0  system_mk64f12.o(i.SystemInit)
    i.UART_HAL_Getchar                       0x000029ac   Section        0  fsl_uart_hal.o(i.UART_HAL_Getchar)
    i.UART_HAL_Putchar                       0x000029b8   Section        0  fsl_uart_hal.o(i.UART_HAL_Putchar)
    i.UART_HAL_ReceiveDataPolling            0x000029c2   Section        0  fsl_uart_hal.o(i.UART_HAL_ReceiveDataPolling)
    i.UART_HAL_SendDataPolling               0x00002a18   Section        0  fsl_uart_hal.o(i.UART_HAL_SendDataPolling)
    i.UART_HAL_SetBaudRate                   0x00002a46   Section        0  fsl_uart_hal.o(i.UART_HAL_SetBaudRate)
    i.UART_HAL_SetParityMode                 0x00002a8a   Section        0  fsl_uart_hal.o(i.UART_HAL_SetParityMode)
    i.__NVIC_EnableIRQ                       0x00002aa6   Section        0  init.o(i.__NVIC_EnableIRQ)
    __NVIC_EnableIRQ                         0x00002aa7   Thumb Code    26  init.o(i.__NVIC_EnableIRQ)
    i.__NVIC_SetPriority                     0x00002ac0   Section        0  main.o(i.__NVIC_SetPriority)
    __NVIC_SetPriority                       0x00002ac1   Thumb Code    32  main.o(i.__NVIC_SetPriority)
    i._doprint                               0x00002ae8   Section        0  print_scan.o(i._doprint)
    i.buttons_init                           0x0000304c   Section        0  init.o(i.buttons_init)
    i.configure_uart_pins                    0x000030d4   Section        0  pin_mux.o(i.configure_uart_pins)
    i.dbg_uart_init                          0x0000311c   Section        0  board.o(i.dbg_uart_init)
    i.debug_getchar                          0x00003134   Section        0  fsl_debug_console.o(i.debug_getchar)
    i.debug_printf                           0x00003158   Section        0  fsl_debug_console.o(i.debug_printf)
    i.debug_putc                             0x00003194   Section        0  fsl_debug_console.o(i.debug_putc)
    debug_putc                               0x00003195   Thumb Code    38  fsl_debug_console.o(i.debug_putc)
    i.fput_pad                               0x000031c0   Section        0  print_scan.o(i.fput_pad)
    fput_pad                                 0x000031c1   Thumb Code    48  print_scan.o(i.fput_pad)
    i.hardware_init                          0x000031f0   Section        0  hardware_init.o(i.hardware_init)
    i.init_data_bss                          0x00003208   Section        0  startup.o(i.init_data_bss)
    i.main                                   0x00003250   Section        0  main.o(i.main)
    i.mknumstr                               0x000033ec   Section        0  print_scan.o(i.mknumstr)
    mknumstr                                 0x000033ed   Thumb Code   166  print_scan.o(i.mknumstr)
    i.raw_to_temp                            0x00003494   Section        0  converter.o(i.raw_to_temp)
    i.removeMinMax                           0x00003528   Section        0  converter.o(i.removeMinMax)
    i.resetDigit                             0x0000357c   Section        0  seg_lib.o(i.resetDigit)
    i.segment_init                           0x000035b4   Section        0  init.o(i.segment_init)
    i.setEight                               0x0000372c   Section        0  seg_lib.o(i.setEight)
    i.setFive                                0x00003760   Section        0  seg_lib.o(i.setFive)
    i.setFour                                0x0000379c   Section        0  seg_lib.o(i.setFour)
    i.setNine                                0x000037d4   Section        0  seg_lib.o(i.setNine)
    i.setOne                                 0x0000380c   Section        0  seg_lib.o(i.setOne)
    i.setSeven                               0x00003844   Section        0  seg_lib.o(i.setSeven)
    i.setSix                                 0x00003878   Section        0  seg_lib.o(i.setSix)
    i.setThree                               0x000038b0   Section        0  seg_lib.o(i.setThree)
    i.setTwo                                 0x000038e8   Section        0  seg_lib.o(i.setTwo)
    i.setZero                                0x00003924   Section        0  seg_lib.o(i.setZero)
    i.set_display                            0x00003958   Section        0  seg_lib.o(i.set_display)
    x$fpl$dadd                               0x00003aa0   Section      336  daddsub_clz.o(x$fpl$dadd)
    $v0                                      0x00003aa0   Number         0  daddsub_clz.o(x$fpl$dadd)
    _dadd1                                   0x00003ab1   Thumb Code     0  daddsub_clz.o(x$fpl$dadd)
    x$fpl$dfix                               0x00003bf0   Section       94  dfix.o(x$fpl$dfix)
    $v0                                      0x00003bf0   Number         0  dfix.o(x$fpl$dfix)
    x$fpl$dflt                               0x00003c4e   Section       46  dflt_clz.o(x$fpl$dflt)
    $v0                                      0x00003c4e   Number         0  dflt_clz.o(x$fpl$dflt)
    x$fpl$dmul                               0x00003c7c   Section      340  dmul.o(x$fpl$dmul)
    $v0                                      0x00003c7c   Number         0  dmul.o(x$fpl$dmul)
    x$fpl$dnaninf                            0x00003dd0   Section      156  dnaninf.o(x$fpl$dnaninf)
    $v0                                      0x00003dd0   Number         0  dnaninf.o(x$fpl$dnaninf)
    x$fpl$dretinf                            0x00003e6c   Section       12  dretinf.o(x$fpl$dretinf)
    $v0                                      0x00003e6c   Number         0  dretinf.o(x$fpl$dretinf)
    x$fpl$dsub                               0x00003e78   Section      468  daddsub_clz.o(x$fpl$dsub)
    $v0                                      0x00003e78   Number         0  daddsub_clz.o(x$fpl$dsub)
    _dsub1                                   0x00003e89   Thumb Code     0  daddsub_clz.o(x$fpl$dsub)
    x$fpl$fpinit                             0x0000404c   Section       10  fpinit.o(x$fpl$fpinit)
    $v0                                      0x0000404c   Number         0  fpinit.o(x$fpl$fpinit)
    x$fpl$usenofp                            0x00004056   Section        0  usenofp.o(x$fpl$usenofp)
    .constdata                               0x00004058   Section       72  board.o(.constdata)
    .constdata                               0x000040a0   Section       72  gpio_pins.o(.constdata)
    .constdata                               0x000040e8   Section       25  fsl_edma_common.o(.constdata)
    .constdata                               0x00004104   Section       45  fsl_gpio_common.o(.constdata)
    .constdata                               0x00004134   Section        6  fsl_rtc_common.o(.constdata)
    .constdata                               0x0000413a   Section       48  fsl_mcg_hal.o(.constdata)
    fllFactorTable                           0x0000413a   Data          16  fsl_mcg_hal.o(.constdata)
    freq_kHz                                 0x0000414a   Data          16  fsl_mcg_hal.o(.constdata)
    freqLow_kHz                              0x0000415a   Data          16  fsl_mcg_hal.o(.constdata)
    .constdata                               0x0000416a   Section       25  fsl_clock_mk64f12.o(.constdata)
    portGateTable                            0x0000416a   Data           5  fsl_clock_mk64f12.o(.constdata)
    adcGateTable                             0x0000416f   Data           2  fsl_clock_mk64f12.o(.constdata)
    dacGateTable                             0x00004171   Data           2  fsl_clock_mk64f12.o(.constdata)
    ftmGateTable                             0x00004173   Data           4  fsl_clock_mk64f12.o(.constdata)
    spiGateTable                             0x00004177   Data           3  fsl_clock_mk64f12.o(.constdata)
    i2cGateTable                             0x0000417a   Data           3  fsl_clock_mk64f12.o(.constdata)
    uartGateTable                            0x0000417d   Data           6  fsl_clock_mk64f12.o(.constdata)
    .constdata                               0x00004184   Section       12  fsl_clock_manager_common.o(.constdata)
    .constdata                               0x00004190   Section       24  fsl_debug_console.o(.constdata)
    .constdata                               0x000041a8   Section       16  fsl_adc16.o(.constdata)
    s_adc16Bases                             0x000041a8   Data           8  fsl_adc16.o(.constdata)
    s_adc16Clocks                            0x000041b0   Data           8  fsl_adc16.o(.constdata)
    .constdata                               0x000041b8   Section       16  fsl_dac.o(.constdata)
    s_dacBases                               0x000041b8   Data           8  fsl_dac.o(.constdata)
    s_dacClocks                              0x000041c0   Data           8  fsl_dac.o(.constdata)
    .constdata                               0x000041c8   Section        8  fsl_pit.o(.constdata)
    s_pitBases                               0x000041c8   Data           4  fsl_pit.o(.constdata)
    s_pitClocks                              0x000041cc   Data           4  fsl_pit.o(.constdata)
    .conststring                             0x000041d0   Section       79  board.o(.conststring)
    .conststring                             0x00004220   Section       91  fsl_gpio_driver.o(.conststring)
    .conststring                             0x0000427c   Section       84  fsl_gpio_hal.o(.conststring)
    .conststring                             0x000042d0   Section      101  fsl_clock_mk64f12.o(.conststring)
    .conststring                             0x00004338   Section       93  fsl_clock_manager.o(.conststring)
    .data                                    0x20000000   Section       48  init.o(.data)
    .data                                    0x20000030   Section       36  seg_lib.o(.data)
    .data                                    0x20000054   Section        4  fsl_edma_driver.o(.data)
    .data                                    0x20000058   Section       16  fsl_mcg_hal.o(.data)
    .data                                    0x20000068   Section        4  system_mk64f12.o(.data)
    .bss                                     0x2000006c   Section        9  init.o(.bss)
    .bss                                     0x20000078   Section       16  fsl_debug_console.o(.bss)
    s_debugConsole                           0x20000078   Data          16  fsl_debug_console.o(.bss)
    .bss                                     0x20000088   Section       96  libspace.o(.bss)

    Global Symbols

    Symbol Name                              Value     Ov Type        Size  Object(Section)

    BuildAttributes$$THM_ISAv4$E$P$D$K$B$S$7EM$VFPi3$EXTD16$VFPS$VFMA$PE$A:L22UL41UL21$X:L11$S22US41US21$IEEE1$IW$USESV6$~STKCKD$USESV7$~SHL$OTIME$ROPI$EBA8$UX$STANDARDLIB$REQ8$PRES8$EABIv2 0x00000000   Number         0  anon$$obj.o ABSOLUTE
    Image$$VECTOR_RAM$$Base                  0x00000000   Number         0  anon$$obj.o ABSOLUTE
    Image$$VECTOR_ROM$$Base                  0x00000000   Number         0  anon$$obj.o ABSOLUTE
    __ARM_use_no_argv                        0x00000000   Number         0  main.o ABSOLUTE
    __Vectors                                0x00000000   Data           4  startup_mk64f12.o(RESET)
    Image$$ZI$$Limit                          - Undefined Weak Reference
    __ARM_exceptions_init                     - Undefined Weak Reference
    __alloca_initialize                       - Undefined Weak Reference
    __arm_preinit_                            - Undefined Weak Reference
    __cpp_initialize__aeabi_                  - Undefined Weak Reference
    __cxa_finalize                            - Undefined Weak Reference
    __rt_locale                               - Undefined Weak Reference
    __sigvec_lookup                           - Undefined Weak Reference
    __user_heap_extent                        - Undefined Weak Reference
    _atexit_init                              - Undefined Weak Reference
    _call_atexit_fns                          - Undefined Weak Reference
    _clock_init                               - Undefined Weak Reference
    _fp_trap_init                             - Undefined Weak Reference
    _fp_trap_shutdown                         - Undefined Weak Reference
    _get_lc_collate                           - Undefined Weak Reference
    _get_lc_ctype                             - Undefined Weak Reference
    _get_lc_monetary                          - Undefined Weak Reference
    _get_lc_numeric                           - Undefined Weak Reference
    _get_lc_time                              - Undefined Weak Reference
    _getenv_init                              - Undefined Weak Reference
    _handle_redirection                       - Undefined Weak Reference
    _initio                                   - Undefined Weak Reference
    _mutex_acquire                            - Undefined Weak Reference
    _mutex_free                               - Undefined Weak Reference
    _mutex_release                            - Undefined Weak Reference
    _rand_init                                - Undefined Weak Reference
    _signal_finish                            - Undefined Weak Reference
    _signal_init                              - Undefined Weak Reference
    _terminateio                              - Undefined Weak Reference
    __Vectors_End                            0x00000400   Data           0  startup_mk64f12.o(RESET)
    __Vectors_Size                           0x00000400   Number         0  startup_mk64f12.o ABSOLUTE
    __main                                   0x00000411   Thumb Code     8  __main.o(!!!main)
    __scatterload                            0x00000419   Thumb Code     0  __scatter.o(!!!scatter)
    __scatterload_rt2                        0x00000419   Thumb Code    44  __scatter.o(!!!scatter)
    __scatterload_rt2_thumb_only             0x00000419   Thumb Code     0  __scatter.o(!!!scatter)
    __scatterload_null                       0x00000427   Thumb Code     0  __scatter.o(!!!scatter)
    __scatterload_copy                       0x0000044d   Thumb Code    26  __scatter_copy.o(!!handler_copy)
    __scatterload_zeroinit                   0x00000469   Thumb Code    28  __scatter_zi.o(!!handler_zi)
    __rt_lib_init                            0x00000485   Thumb Code     0  libinit.o(.ARM.Collect$$libinit$$00000000)
    __rt_lib_init_fp_1                       0x00000487   Thumb Code     0  libinit2.o(.ARM.Collect$$libinit$$00000001)
    __rt_lib_init_heap_2                     0x0000048b   Thumb Code     0  libinit5.o(.ARM.Collect$$libinit$$00000008)
    __rt_lib_init_preinit_1                  0x0000048b   Thumb Code     0  libinit2.o(.ARM.Collect$$libinit$$00000004)
    __rt_lib_init_alloca_1                   0x00000493   Thumb Code     0  libinit2.o(.ARM.Collect$$libinit$$0000002E)
    __rt_lib_init_argv_1                     0x00000493   Thumb Code     0  libinit2.o(.ARM.Collect$$libinit$$0000002C)
    __rt_lib_init_atexit_1                   0x00000493   Thumb Code     0  libinit2.o(.ARM.Collect$$libinit$$0000001B)
    __rt_lib_init_clock_1                    0x00000493   Thumb Code     0  libinit2.o(.ARM.Collect$$libinit$$00000021)
    __rt_lib_init_cpp_1                      0x00000493   Thumb Code     0  libinit2.o(.ARM.Collect$$libinit$$00000032)
    __rt_lib_init_exceptions_1               0x00000493   Thumb Code     0  libinit2.o(.ARM.Collect$$libinit$$00000030)
    __rt_lib_init_fp_trap_1                  0x00000493   Thumb Code     0  libinit2.o(.ARM.Collect$$libinit$$0000001F)
    __rt_lib_init_getenv_1                   0x00000493   Thumb Code     0  libinit2.o(.ARM.Collect$$libinit$$00000023)
    __rt_lib_init_heap_1                     0x00000493   Thumb Code     0  libinit2.o(.ARM.Collect$$libinit$$0000000A)
    __rt_lib_init_lc_collate_1               0x00000493   Thumb Code     0  libinit2.o(.ARM.Collect$$libinit$$00000011)
    __rt_lib_init_lc_ctype_1                 0x00000493   Thumb Code     0  libinit2.o(.ARM.Collect$$libinit$$00000013)
    __rt_lib_init_lc_monetary_1              0x00000493   Thumb Code     0  libinit2.o(.ARM.Collect$$libinit$$00000015)
    __rt_lib_init_lc_numeric_1               0x00000493   Thumb Code     0  libinit2.o(.ARM.Collect$$libinit$$00000017)
    __rt_lib_init_lc_time_1                  0x00000493   Thumb Code     0  libinit2.o(.ARM.Collect$$libinit$$00000019)
    __rt_lib_init_rand_1                     0x00000493   Thumb Code     0  libinit2.o(.ARM.Collect$$libinit$$0000000E)
    __rt_lib_init_return                     0x00000493   Thumb Code     0  libinit2.o(.ARM.Collect$$libinit$$00000033)
    __rt_lib_init_signal_1                   0x00000493   Thumb Code     0  libinit2.o(.ARM.Collect$$libinit$$0000001D)
    __rt_lib_init_stdio_1                    0x00000493   Thumb Code     0  libinit2.o(.ARM.Collect$$libinit$$00000025)
    __rt_lib_init_user_alloc_1               0x00000493   Thumb Code     0  libinit2.o(.ARM.Collect$$libinit$$0000000C)
    __rt_lib_shutdown                        0x0000049d   Thumb Code     0  libshutdown.o(.ARM.Collect$$libshutdown$$00000000)
    __rt_lib_shutdown_cpp_1                  0x0000049f   Thumb Code     0  libshutdown2.o(.ARM.Collect$$libshutdown$$00000002)
    __rt_lib_shutdown_fp_trap_1              0x0000049f   Thumb Code     0  libshutdown2.o(.ARM.Collect$$libshutdown$$00000007)
    __rt_lib_shutdown_heap_1                 0x0000049f   Thumb Code     0  libshutdown2.o(.ARM.Collect$$libshutdown$$0000000F)
    __rt_lib_shutdown_return                 0x0000049f   Thumb Code     0  libshutdown2.o(.ARM.Collect$$libshutdown$$00000010)
    __rt_lib_shutdown_signal_1               0x0000049f   Thumb Code     0  libshutdown2.o(.ARM.Collect$$libshutdown$$0000000A)
    __rt_lib_shutdown_stdio_1                0x0000049f   Thumb Code     0  libshutdown2.o(.ARM.Collect$$libshutdown$$00000004)
    __rt_lib_shutdown_user_alloc_1           0x0000049f   Thumb Code     0  libshutdown2.o(.ARM.Collect$$libshutdown$$0000000C)
    __rt_entry                               0x000004a1   Thumb Code     0  __rtentry.o(.ARM.Collect$$rtentry$$00000000)
    __rt_entry_presh_1                       0x000004a1   Thumb Code     0  __rtentry2.o(.ARM.Collect$$rtentry$$00000002)
    __rt_entry_sh                            0x000004a1   Thumb Code     0  __rtentry7.o(.ARM.Collect$$rtentry$$00000007)
    __rt_entry_li                            0x000004a5   Thumb Code     0  __rtentry2.o(.ARM.Collect$$rtentry$$0000000A)
    __rt_entry_postsh_1                      0x000004a5   Thumb Code     0  __rtentry2.o(.ARM.Collect$$rtentry$$00000009)
    __rt_entry_main                          0x000004a9   Thumb Code     0  __rtentry2.o(.ARM.Collect$$rtentry$$0000000D)
    __rt_entry_postli_1                      0x000004a9   Thumb Code     0  __rtentry2.o(.ARM.Collect$$rtentry$$0000000C)
    __rt_exit                                0x000004b5   Thumb Code     0  rtexit.o(.ARM.Collect$$rtexit$$00000000)
    __rt_exit_ls                             0x000004b7   Thumb Code     0  rtexit2.o(.ARM.Collect$$rtexit$$00000003)
    __rt_exit_prels_1                        0x000004b7   Thumb Code     0  rtexit2.o(.ARM.Collect$$rtexit$$00000002)
    __rt_exit_exit                           0x000004bb   Thumb Code     0  rtexit2.o(.ARM.Collect$$rtexit$$00000004)
    Reset_Handler                            0x000004c1   Thumb Code    18  startup_mk64f12.o(.text)
    _maybe_terminate_alloc                   0x000004c1   Thumb Code     0  maybetermalloc1.o(.emb_text)
    HardFault_Handler                        0x000004d5   Thumb Code     2  startup_mk64f12.o(.text)
    MemManage_Handler                        0x000004d7   Thumb Code     2  startup_mk64f12.o(.text)
    BusFault_Handler                         0x000004d9   Thumb Code     2  startup_mk64f12.o(.text)
    UsageFault_Handler                       0x000004db   Thumb Code     2  startup_mk64f12.o(.text)
    SVC_Handler                              0x000004dd   Thumb Code     2  startup_mk64f12.o(.text)
    DebugMon_Handler                         0x000004df   Thumb Code     2  startup_mk64f12.o(.text)
    PendSV_Handler                           0x000004e1   Thumb Code     2  startup_mk64f12.o(.text)
    SysTick_Handler                          0x000004e3   Thumb Code     2  startup_mk64f12.o(.text)
    ADC1_IRQHandler                          0x000004e5   Thumb Code     0  startup_mk64f12.o(.text)
    CAN0_Bus_Off_IRQHandler                  0x000004e5   Thumb Code     0  startup_mk64f12.o(.text)
    CAN0_Error_IRQHandler                    0x000004e5   Thumb Code     0  startup_mk64f12.o(.text)
    CAN0_ORed_Message_buffer_IRQHandler      0x000004e5   Thumb Code     0  startup_mk64f12.o(.text)
    CAN0_Rx_Warning_IRQHandler               0x000004e5   Thumb Code     0  startup_mk64f12.o(.text)
    CAN0_Tx_Warning_IRQHandler               0x000004e5   Thumb Code     0  startup_mk64f12.o(.text)
    CAN0_Wake_Up_IRQHandler                  0x000004e5   Thumb Code     0  startup_mk64f12.o(.text)
    CMP0_IRQHandler                          0x000004e5   Thumb Code     0  startup_mk64f12.o(.text)
    CMP1_IRQHandler                          0x000004e5   Thumb Code     0  startup_mk64f12.o(.text)
    CMP2_IRQHandler                          0x000004e5   Thumb Code     0  startup_mk64f12.o(.text)
    CMT_IRQHandler                           0x000004e5   Thumb Code     0  startup_mk64f12.o(.text)
    DAC0_IRQHandler                          0x000004e5   Thumb Code     0  startup_mk64f12.o(.text)
    DAC1_IRQHandler                          0x000004e5   Thumb Code     0  startup_mk64f12.o(.text)
    DMA_Error_IRQHandler                     0x000004e5   Thumb Code     0  startup_mk64f12.o(.text)
    DefaultISR                               0x000004e5   Thumb Code     0  startup_mk64f12.o(.text)
    ENET_1588_Timer_IRQHandler               0x000004e5   Thumb Code     0  startup_mk64f12.o(.text)
    ENET_Error_IRQHandler                    0x000004e5   Thumb Code     0  startup_mk64f12.o(.text)
    ENET_Receive_IRQHandler                  0x000004e5   Thumb Code     0  startup_mk64f12.o(.text)
    ENET_Transmit_IRQHandler                 0x000004e5   Thumb Code     0  startup_mk64f12.o(.text)
    FTFE_IRQHandler                          0x000004e5   Thumb Code     0  startup_mk64f12.o(.text)
    FTM0_IRQHandler                          0x000004e5   Thumb Code     0  startup_mk64f12.o(.text)
    FTM1_IRQHandler                          0x000004e5   Thumb Code     0  startup_mk64f12.o(.text)
    FTM2_IRQHandler                          0x000004e5   Thumb Code     0  startup_mk64f12.o(.text)
    FTM3_IRQHandler                          0x000004e5   Thumb Code     0  startup_mk64f12.o(.text)
    I2C0_IRQHandler                          0x000004e5   Thumb Code     0  startup_mk64f12.o(.text)
    I2C1_IRQHandler                          0x000004e5   Thumb Code     0  startup_mk64f12.o(.text)
    I2C2_IRQHandler                          0x000004e5   Thumb Code     0  startup_mk64f12.o(.text)
    I2S0_Rx_IRQHandler                       0x000004e5   Thumb Code     0  startup_mk64f12.o(.text)
    I2S0_Tx_IRQHandler                       0x000004e5   Thumb Code     0  startup_mk64f12.o(.text)
    LLWU_IRQHandler                          0x000004e5   Thumb Code     0  startup_mk64f12.o(.text)
    LPTMR0_IRQHandler                        0x000004e5   Thumb Code     0  startup_mk64f12.o(.text)
    LVD_LVW_IRQHandler                       0x000004e5   Thumb Code     0  startup_mk64f12.o(.text)
    MCG_IRQHandler                           0x000004e5   Thumb Code     0  startup_mk64f12.o(.text)
    MCM_IRQHandler                           0x000004e5   Thumb Code     0  startup_mk64f12.o(.text)
    PDB0_IRQHandler                          0x000004e5   Thumb Code     0  startup_mk64f12.o(.text)
    PIT3_IRQHandler                          0x000004e5   Thumb Code     0  startup_mk64f12.o(.text)
    PORTA_IRQHandler                         0x000004e5   Thumb Code     0  startup_mk64f12.o(.text)
    PORTB_IRQHandler                         0x000004e5   Thumb Code     0  startup_mk64f12.o(.text)
    PORTD_IRQHandler                         0x000004e5   Thumb Code     0  startup_mk64f12.o(.text)
    PORTE_IRQHandler                         0x000004e5   Thumb Code     0  startup_mk64f12.o(.text)
    RNG_IRQHandler                           0x000004e5   Thumb Code     0  startup_mk64f12.o(.text)
    RTC_IRQHandler                           0x000004e5   Thumb Code     0  startup_mk64f12.o(.text)
    RTC_Seconds_IRQHandler                   0x000004e5   Thumb Code     0  startup_mk64f12.o(.text)
    Read_Collision_IRQHandler                0x000004e5   Thumb Code     0  startup_mk64f12.o(.text)
    Reserved71_IRQHandler                    0x000004e5   Thumb Code     0  startup_mk64f12.o(.text)
    SDHC_IRQHandler                          0x000004e5   Thumb Code     0  startup_mk64f12.o(.text)
    SPI0_IRQHandler                          0x000004e5   Thumb Code     0  startup_mk64f12.o(.text)
    SPI1_IRQHandler                          0x000004e5   Thumb Code     0  startup_mk64f12.o(.text)
    SPI2_IRQHandler                          0x000004e5   Thumb Code     0  startup_mk64f12.o(.text)
    SWI_IRQHandler                           0x000004e5   Thumb Code     0  startup_mk64f12.o(.text)
    UART0_ERR_IRQHandler                     0x000004e5   Thumb Code     0  startup_mk64f12.o(.text)
    UART0_LON_IRQHandler                     0x000004e5   Thumb Code     0  startup_mk64f12.o(.text)
    UART0_RX_TX_IRQHandler                   0x000004e5   Thumb Code     0  startup_mk64f12.o(.text)
    UART1_ERR_IRQHandler                     0x000004e5   Thumb Code     0  startup_mk64f12.o(.text)
    UART1_RX_TX_IRQHandler                   0x000004e5   Thumb Code     0  startup_mk64f12.o(.text)
    UART2_ERR_IRQHandler                     0x000004e5   Thumb Code     0  startup_mk64f12.o(.text)
    UART2_RX_TX_IRQHandler                   0x000004e5   Thumb Code     0  startup_mk64f12.o(.text)
    UART3_ERR_IRQHandler                     0x000004e5   Thumb Code     0  startup_mk64f12.o(.text)
    UART3_RX_TX_IRQHandler                   0x000004e5   Thumb Code     0  startup_mk64f12.o(.text)
    UART4_ERR_IRQHandler                     0x000004e5   Thumb Code     0  startup_mk64f12.o(.text)
    UART4_RX_TX_IRQHandler                   0x000004e5   Thumb Code     0  startup_mk64f12.o(.text)
    UART5_ERR_IRQHandler                     0x000004e5   Thumb Code     0  startup_mk64f12.o(.text)
    UART5_RX_TX_IRQHandler                   0x000004e5   Thumb Code     0  startup_mk64f12.o(.text)
    USB0_IRQHandler                          0x000004e5   Thumb Code     0  startup_mk64f12.o(.text)
    USBDCD_IRQHandler                        0x000004e5   Thumb Code     0  startup_mk64f12.o(.text)
    WDOG_EWM_IRQHandler                      0x000004e5   Thumb Code     0  startup_mk64f12.o(.text)
    malloc                                   0x000004f9   Thumb Code    94  h1_alloc.o(.text)
    free                                     0x00000557   Thumb Code    78  h1_free.o(.text)
    __aeabi_assert                           0x000005a5   Thumb Code    86  assert.o(.text)
    __assert                                 0x000005a5   Thumb Code     0  assert.o(.text)
    strlen                                   0x00000625   Thumb Code    62  strlen.o(.text)
    __aeabi_memcpy4                          0x00000663   Thumb Code     0  rt_memcpy_w.o(.text)
    __aeabi_memcpy8                          0x00000663   Thumb Code     0  rt_memcpy_w.o(.text)
    __rt_memcpy_w                            0x00000663   Thumb Code   100  rt_memcpy_w.o(.text)
    _memcpy_lastbytes_aligned                0x000006ab   Thumb Code     0  rt_memcpy_w.o(.text)
    __rt_heap_descriptor                     0x000006c9   Thumb Code     8  rt_heap_descriptor_intlibspace.o(.text)
    __use_no_heap                            0x000006d1   Thumb Code     2  hguard.o(.text)
    __heap$guard                             0x000006d3   Thumb Code     2  hguard.o(.text)
    _terminate_user_alloc                    0x000006d5   Thumb Code     2  init_alloc.o(.text)
    _init_user_alloc                         0x000006d7   Thumb Code     2  init_alloc.o(.text)
    __Heap_Full                              0x000006d9   Thumb Code    34  init_alloc.o(.text)
    __Heap_Broken                            0x000006fb   Thumb Code     6  init_alloc.o(.text)
    _init_alloc                              0x00000701   Thumb Code    94  init_alloc.o(.text)
    __Heap_Initialize                        0x0000075f   Thumb Code    10  h1_init.o(.text)
    __Heap_DescSize                          0x00000769   Thumb Code     4  h1_init.o(.text)
    abort                                    0x0000076d   Thumb Code    22  abort.o(.text)
    __assert_puts                            0x00000783   Thumb Code    20  assert_puts.o(.text)
    _ttywrch                                 0x00000797   Thumb Code    14  sys_wrch.o(.text)
    _sys_exit                                0x000007a5   Thumb Code     8  sys_exit.o(.text)
    __Heap_ProvideMemory                     0x000007b1   Thumb Code    52  h1_extend.o(.text)
    __rt_SIGABRT                             0x000007e5   Thumb Code    14  defsig_abrt_outer.o(.text)
    __rt_SIGRTMEM                            0x000007f3   Thumb Code    14  defsig_rtmem_outer.o(.text)
    __I$use$semihosting                      0x00000801   Thumb Code     0  use_no_semi.o(.text)
    __use_no_semihosting_swi                 0x00000801   Thumb Code     2  use_no_semi.o(.text)
    __semihosting_library_function           0x00000803   Thumb Code     0  indicate_semi.o(.text)
    exit                                     0x00000803   Thumb Code    18  exit.o(.text)
    __sig_exit                               0x00000815   Thumb Code    10  defsig_exit.o(.text)
    __rt_SIGABRT_inner                       0x00000821   Thumb Code    14  defsig_abrt_inner.o(.text)
    __rt_SIGRTMEM_inner                      0x00000851   Thumb Code    22  defsig_rtmem_inner.o(.text)
    __default_signal_display                 0x000008a1   Thumb Code    50  defsig_general.o(.text)
    ADC0_IRQHandler                          0x000008d5   Thumb Code    38  init.o(i.ADC0_IRQHandler)
    ADC0_init                                0x00000961   Thumb Code    88  init.o(i.ADC0_init)
    ADC16_DoAutoCalibration                  0x00000a0d   Thumb Code   188  fsl_adc16.o(i.ADC16_DoAutoCalibration)
    ADC16_GetChannelStatusFlags              0x00000ac9   Thumb Code    44  fsl_adc16.o(i.ADC16_GetChannelStatusFlags)
    ADC16_GetDefaultConfig                   0x00000b55   Thumb Code    52  fsl_adc16.o(i.ADC16_GetDefaultConfig)
    ADC16_GetStatusFlags                     0x00000c71   Thumb Code    30  fsl_adc16.o(i.ADC16_GetStatusFlags)
    ADC16_Init                               0x00000c91   Thumb Code   180  fsl_adc16.o(i.ADC16_Init)
    ADC16_SetChannelConfig                   0x00000d9d   Thumb Code    74  fsl_adc16.o(i.ADC16_SetChannelConfig)
    BOARD_ClockInit                          0x00000e59   Thumb Code    72  board.o(i.BOARD_ClockInit)
    BOARD_InitOsc0                           0x00000ec1   Thumb Code    20  board.o(i.BOARD_InitOsc0)
    BOARD_InitRtcOsc                         0x00000ed9   Thumb Code    20  board.o(i.BOARD_InitRtcOsc)
    CLOCK_HAL_EnablePll0InFllMode            0x00000ef1   Thumb Code    64  fsl_mcg_hal.o(i.CLOCK_HAL_EnablePll0InFllMode)
    CLOCK_HAL_GetFllClk                      0x00000f45   Thumb Code    82  fsl_mcg_hal.o(i.CLOCK_HAL_GetFllClk)
    CLOCK_HAL_GetFllRefClk                   0x00000f99   Thumb Code    72  fsl_mcg_hal.o(i.CLOCK_HAL_GetFllRefClk)
    CLOCK_HAL_GetInternalRefClk              0x00000ff5   Thumb Code    52  fsl_mcg_hal.o(i.CLOCK_HAL_GetInternalRefClk)
    CLOCK_HAL_GetMcgMode                     0x0000105f   Thumb Code   150  fsl_mcg_hal_modes.o(i.CLOCK_HAL_GetMcgMode)
    CLOCK_HAL_GetOutClk                      0x000010f5   Thumb Code    78  fsl_mcg_hal.o(i.CLOCK_HAL_GetOutClk)
    CLOCK_HAL_GetPll0Clk                     0x00001143   Thumb Code    68  fsl_mcg_hal.o(i.CLOCK_HAL_GetPll0Clk)
    CLOCK_HAL_GetPll0RefFreq                 0x00001187   Thumb Code    12  fsl_mcg_hal.o(i.CLOCK_HAL_GetPll0RefFreq)
    CLOCK_HAL_SetFbeMode                     0x000011f3   Thumb Code   228  fsl_mcg_hal_modes.o(i.CLOCK_HAL_SetFbeMode)
    CLOCK_HAL_SetFbiMode                     0x000012d9   Thumb Code   170  fsl_mcg_hal_modes.o(i.CLOCK_HAL_SetFbiMode)
    CLOCK_HAL_SetOsc0Mode                    0x000013a5   Thumb Code    36  fsl_mcg_hal.o(i.CLOCK_HAL_SetOsc0Mode)
    CLOCK_HAL_SetOutDiv                      0x000013c9   Thumb Code    56  fsl_sim_hal_mk64f12.o(i.CLOCK_HAL_SetOutDiv)
    CLOCK_HAL_SetPbeMode                     0x00001401   Thumb Code   228  fsl_mcg_hal_modes.o(i.CLOCK_HAL_SetPbeMode)
    CLOCK_HAL_TestFllExternalRefFreq         0x000014e9   Thumb Code    70  fsl_mcg_hal.o(i.CLOCK_HAL_TestFllExternalRefFreq)
    CLOCK_HAL_TestFllFreq                    0x00001531   Thumb Code    50  fsl_mcg_hal.o(i.CLOCK_HAL_TestFllFreq)
    CLOCK_HAL_TestOscFreq                    0x00001569   Thumb Code    38  fsl_mcg_hal.o(i.CLOCK_HAL_TestOscFreq)
    CLOCK_HAL_UpdateFastClkInternalRefDiv    0x0000159d   Thumb Code   104  fsl_mcg_hal.o(i.CLOCK_HAL_UpdateFastClkInternalRefDiv)
    CLOCK_SYS_EnablePortClock                0x00001605   Thumb Code    34  fsl_clock_mk64f12.o(i.CLOCK_SYS_EnablePortClock)
    CLOCK_SYS_EnableUartClock                0x00001671   Thumb Code    34  fsl_clock_mk64f12.o(i.CLOCK_SYS_EnableUartClock)
    CLOCK_SYS_GetBusClockFreq                0x000016fd   Thumb Code    26  fsl_clock_mk64f12.o(i.CLOCK_SYS_GetBusClockFreq)
    CLOCK_SYS_GetCoreClockFreq               0x00001721   Thumb Code    24  fsl_clock_mk64f12.o(i.CLOCK_SYS_GetCoreClockFreq)
    CLOCK_SYS_GetSystemClockFreq             0x00001741   Thumb Code    24  fsl_clock_mk64f12.o(i.CLOCK_SYS_GetSystemClockFreq)
    CLOCK_SYS_GetUartFreq                    0x00001761   Thumb Code    46  fsl_clock_mk64f12.o(i.CLOCK_SYS_GetUartFreq)
    CLOCK_SYS_OscInit                        0x00001791   Thumb Code   160  fsl_clock_manager.o(i.CLOCK_SYS_OscInit)
    CLOCK_SYS_RtcOscInit                     0x00001861   Thumb Code   204  fsl_clock_manager.o(i.CLOCK_SYS_RtcOscInit)
    CLOCK_SYS_SetConfiguration               0x0000195d   Thumb Code    72  fsl_clock_mk64f12.o(i.CLOCK_SYS_SetConfiguration)
    CLOCK_SYS_SetMcgMode                     0x000019c5   Thumb Code   340  fsl_clock_manager.o(i.CLOCK_SYS_SetMcgMode)
    CLOCK_SYS_SetOscerConfigration           0x00001b65   Thumb Code    32  fsl_clock_manager.o(i.CLOCK_SYS_SetOscerConfigration)
    DAC0_init                                0x00001bc9   Thumb Code    58  init.o(i.DAC0_init)
    DAC0_set_value                           0x00001c0d   Thumb Code    14  init.o(i.DAC0_set_value)
    DAC_GetDefaultConfig                     0x00001c21   Thumb Code    28  fsl_dac.o(i.DAC_GetDefaultConfig)
    DAC_Init                                 0x00001d25   Thumb Code    86  fsl_dac.o(i.DAC_Init)
    DMA0_IRQHandler                          0x00001dd5   Thumb Code    10  fsl_edma_irq.o(i.DMA0_IRQHandler)
    DMA10_IRQHandler                         0x00001ddf   Thumb Code    10  fsl_edma_irq.o(i.DMA10_IRQHandler)
    DMA11_IRQHandler                         0x00001de9   Thumb Code    10  fsl_edma_irq.o(i.DMA11_IRQHandler)
    DMA12_IRQHandler                         0x00001df3   Thumb Code    10  fsl_edma_irq.o(i.DMA12_IRQHandler)
    DMA13_IRQHandler                         0x00001dfd   Thumb Code    10  fsl_edma_irq.o(i.DMA13_IRQHandler)
    DMA14_IRQHandler                         0x00001e07   Thumb Code    10  fsl_edma_irq.o(i.DMA14_IRQHandler)
    DMA15_IRQHandler                         0x00001e11   Thumb Code    10  fsl_edma_irq.o(i.DMA15_IRQHandler)
    DMA1_IRQHandler                          0x00001e1b   Thumb Code    10  fsl_edma_irq.o(i.DMA1_IRQHandler)
    DMA2_IRQHandler                          0x00001e25   Thumb Code    10  fsl_edma_irq.o(i.DMA2_IRQHandler)
    DMA3_IRQHandler                          0x00001e2f   Thumb Code    10  fsl_edma_irq.o(i.DMA3_IRQHandler)
    DMA4_IRQHandler                          0x00001e39   Thumb Code    10  fsl_edma_irq.o(i.DMA4_IRQHandler)
    DMA5_IRQHandler                          0x00001e43   Thumb Code    10  fsl_edma_irq.o(i.DMA5_IRQHandler)
    DMA6_IRQHandler                          0x00001e4d   Thumb Code    10  fsl_edma_irq.o(i.DMA6_IRQHandler)
    DMA7_IRQHandler                          0x00001e57   Thumb Code    10  fsl_edma_irq.o(i.DMA7_IRQHandler)
    DMA8_IRQHandler                          0x00001e61   Thumb Code    10  fsl_edma_irq.o(i.DMA8_IRQHandler)
    DMA9_IRQHandler                          0x00001e6b   Thumb Code    10  fsl_edma_irq.o(i.DMA9_IRQHandler)
    DbgConsole_Init                          0x00001e75   Thumb Code   172  fsl_debug_console.o(i.DbgConsole_Init)
    EDMA_DRV_IRQHandler                      0x00001f65   Thumb Code    38  fsl_edma_driver.o(i.EDMA_DRV_IRQHandler)
    GPIO_DRV_Init                            0x00001fa9   Thumb Code    48  fsl_gpio_driver.o(i.GPIO_DRV_Init)
    GPIO_DRV_InputPinInit                    0x00001fd9   Thumb Code   262  fsl_gpio_driver.o(i.GPIO_DRV_InputPinInit)
    GPIO_DRV_OutputPinInit                   0x000020f9   Thumb Code   192  fsl_gpio_driver.o(i.GPIO_DRV_OutputPinInit)
    GPIO_HAL_SetPinDir                       0x000021d1   Thumb Code    52  fsl_gpio_hal.o(i.GPIO_HAL_SetPinDir)
    GPIO_HAL_WritePinOutput                  0x00002215   Thumb Code    42  fsl_gpio_hal.o(i.GPIO_HAL_WritePinOutput)
    LED_Initialize                           0x000022d5   Thumb Code    14  led_frdm_k64f.o(i.LED_Initialize)
    NMI_Handler                              0x000022e9   Thumb Code    42  init.o(i.NMI_Handler)
    OSC_HAL_SetCapacitor                     0x00002321   Thumb Code    12  fsl_osc_hal.o(i.OSC_HAL_SetCapacitor)
    PIT0_IRQHandler                          0x00002341   Thumb Code   472  init.o(i.PIT0_IRQHandler)
    PIT0_init                                0x00002541   Thumb Code    60  init.o(i.PIT0_init)
    PIT1_IRQHandler                          0x00002585   Thumb Code    14  init.o(i.PIT1_IRQHandler)
    PIT1_init                                0x0000259d   Thumb Code    66  init.o(i.PIT1_init)
    PIT2_IRQHandler                          0x000025ed   Thumb Code   156  init.o(i.PIT2_IRQHandler)
    PIT2_init                                0x0000269d   Thumb Code    70  init.o(i.PIT2_init)
    PIT_Init                                 0x000027b5   Thumb Code    74  fsl_pit.o(i.PIT_Init)
    PORTC_IRQHandler                         0x00002879   Thumb Code    14  init.o(i.PORTC_IRQHandler)
    SystemInit                               0x00002981   Thumb Code    34  system_mk64f12.o(i.SystemInit)
    UART_HAL_Getchar                         0x000029ad   Thumb Code    12  fsl_uart_hal.o(i.UART_HAL_Getchar)
    UART_HAL_Putchar                         0x000029b9   Thumb Code    10  fsl_uart_hal.o(i.UART_HAL_Putchar)
    UART_HAL_ReceiveDataPolling              0x000029c3   Thumb Code    86  fsl_uart_hal.o(i.UART_HAL_ReceiveDataPolling)
    UART_HAL_SendDataPolling                 0x00002a19   Thumb Code    46  fsl_uart_hal.o(i.UART_HAL_SendDataPolling)
    UART_HAL_SetBaudRate                     0x00002a47   Thumb Code    68  fsl_uart_hal.o(i.UART_HAL_SetBaudRate)
    UART_HAL_SetParityMode                   0x00002a8b   Thumb Code    28  fsl_uart_hal.o(i.UART_HAL_SetParityMode)
    _doprint                                 0x00002ae9   Thumb Code  1380  print_scan.o(i._doprint)
    buttons_init                             0x0000304d   Thumb Code   120  init.o(i.buttons_init)
    configure_uart_pins                      0x000030d5   Thumb Code    62  pin_mux.o(i.configure_uart_pins)
    dbg_uart_init                            0x0000311d   Thumb Code    22  board.o(i.dbg_uart_init)
    debug_getchar                            0x00003135   Thumb Code    32  fsl_debug_console.o(i.debug_getchar)
    debug_printf                             0x00003159   Thumb Code    52  fsl_debug_console.o(i.debug_printf)
    hardware_init                            0x000031f1   Thumb Code    24  hardware_init.o(i.hardware_init)
    init_data_bss                            0x00003209   Thumb Code    54  startup.o(i.init_data_bss)
    main                                     0x00003251   Thumb Code   348  main.o(i.main)
    raw_to_temp                              0x00003495   Thumb Code   116  converter.o(i.raw_to_temp)
    removeMinMax                             0x00003529   Thumb Code    84  converter.o(i.removeMinMax)
    resetDigit                               0x0000357d   Thumb Code    52  seg_lib.o(i.resetDigit)
    segment_init                             0x000035b5   Thumb Code   358  init.o(i.segment_init)
    setEight                                 0x0000372d   Thumb Code    46  seg_lib.o(i.setEight)
    setFive                                  0x00003761   Thumb Code    54  seg_lib.o(i.setFive)
    setFour                                  0x0000379d   Thumb Code    52  seg_lib.o(i.setFour)
    setNine                                  0x000037d5   Thumb Code    50  seg_lib.o(i.setNine)
    setOne                                   0x0000380d   Thumb Code    50  seg_lib.o(i.setOne)
    setSeven                                 0x00003845   Thumb Code    48  seg_lib.o(i.setSeven)
    setSix                                   0x00003879   Thumb Code    50  seg_lib.o(i.setSix)
    setThree                                 0x000038b1   Thumb Code    50  seg_lib.o(i.setThree)
    setTwo                                   0x000038e9   Thumb Code    54  seg_lib.o(i.setTwo)
    setZero                                  0x00003925   Thumb Code    48  seg_lib.o(i.setZero)
    set_display                              0x00003959   Thumb Code   298  seg_lib.o(i.set_display)
    __aeabi_dadd                             0x00003aa1   Thumb Code     0  daddsub_clz.o(x$fpl$dadd)
    _dadd                                    0x00003aa1   Thumb Code   332  daddsub_clz.o(x$fpl$dadd)
    __aeabi_d2iz                             0x00003bf1   Thumb Code     0  dfix.o(x$fpl$dfix)
    _dfix                                    0x00003bf1   Thumb Code    94  dfix.o(x$fpl$dfix)
    __aeabi_i2d                              0x00003c4f   Thumb Code     0  dflt_clz.o(x$fpl$dflt)
    _dflt                                    0x00003c4f   Thumb Code    46  dflt_clz.o(x$fpl$dflt)
    __aeabi_dmul                             0x00003c7d   Thumb Code     0  dmul.o(x$fpl$dmul)
    _dmul                                    0x00003c7d   Thumb Code   332  dmul.o(x$fpl$dmul)
    __fpl_dnaninf                            0x00003dd1   Thumb Code   156  dnaninf.o(x$fpl$dnaninf)
    __fpl_dretinf                            0x00003e6d   Thumb Code    12  dretinf.o(x$fpl$dretinf)
    __aeabi_dsub                             0x00003e79   Thumb Code     0  daddsub_clz.o(x$fpl$dsub)
    _dsub                                    0x00003e79   Thumb Code   464  daddsub_clz.o(x$fpl$dsub)
    _fp_init                                 0x0000404d   Thumb Code    10  fpinit.o(x$fpl$fpinit)
    __fplib_config_fpu_vfp                   0x00004055   Thumb Code     0  fpinit.o(x$fpl$fpinit)
    __fplib_config_pureend_doubles           0x00004055   Thumb Code     0  fpinit.o(x$fpl$fpinit)
    __I$use$fp                               0x00004056   Number         0  usenofp.o(x$fpl$usenofp)
    g_defaultClockConfigVlpr                 0x00004058   Data          22  board.o(.constdata)
    g_defaultClockConfigRun                  0x0000406e   Data          22  board.o(.constdata)
    sdhcCdPin                                0x000040a0   Data          24  gpio_pins.o(.constdata)
    ledPins                                  0x000040b8   Data          48  gpio_pins.o(.constdata)
    g_edmaBase                               0x000040e8   Data           4  fsl_edma_common.o(.constdata)
    g_dmamuxBase                             0x000040ec   Data           4  fsl_edma_common.o(.constdata)
    g_edmaIrqId                              0x000040f0   Data          16  fsl_edma_common.o(.constdata)
    g_edmaErrIrqId                           0x00004100   Data           1  fsl_edma_common.o(.constdata)
    g_gpioBase                               0x00004104   Data          20  fsl_gpio_common.o(.constdata)
    g_portBase                               0x00004118   Data          20  fsl_gpio_common.o(.constdata)
    g_portIrqId                              0x0000412c   Data           5  fsl_gpio_common.o(.constdata)
    g_rtcBase                                0x00004134   Data           4  fsl_rtc_common.o(.constdata)
    g_rtcIrqId                               0x00004138   Data           1  fsl_rtc_common.o(.constdata)
    g_rtcSecondsIrqId                        0x00004139   Data           1  fsl_rtc_common.o(.constdata)
    g_simBase                                0x00004184   Data           4  fsl_clock_manager_common.o(.constdata)
    g_mcgBase                                0x00004188   Data           4  fsl_clock_manager_common.o(.constdata)
    g_oscBase                                0x0000418c   Data           4  fsl_clock_manager_common.o(.constdata)
    Region$$Table$$Base                      0x00004398   Number         0  anon$$obj.o(Region$$Table)
    Region$$Table$$Limit                     0x000043b8   Number         0  anon$$obj.o(Region$$Table)
    Image$$RW_m_data$$Base                   0x1fff0000   Number         0  anon$$obj.o ABSOLUTE
    adc0_channel                             0x20000000   Data           8  init.o(.data)
    pit0_config                              0x20000008   Data           1  init.o(.data)
    dac0_config                              0x20000009   Data           2  init.o(.data)
    value                                    0x2000000c   Data           4  init.o(.data)
    prevPrevAvg                              0x20000010   Data           4  init.o(.data)
    prevAvg                                  0x20000014   Data           4  init.o(.data)
    avg                                      0x20000018   Data           4  init.o(.data)
    stable                                   0x2000001c   Data           4  init.o(.data)
    debouncer                                0x20000020   Data           4  init.o(.data)
    fanBoundary                              0x20000024   Data           4  init.o(.data)
    pushStatesw2                             0x20000028   Data           4  init.o(.data)
    pushedsw2                                0x2000002c   Data           4  init.o(.data)
    digit                                    0x20000030   Data           4  seg_lib.o(.data)
    segments                                 0x20000034   Data          32  seg_lib.o(.data)
    g_edma                                   0x20000054   Data           4  fsl_edma_driver.o(.data)
    g_xtal0ClkFreq                           0x20000058   Data           4  fsl_mcg_hal.o(.data)
    g_xtalRtcClkFreq                         0x2000005c   Data           4  fsl_mcg_hal.o(.data)
    g_fastInternalRefClkFreq                 0x20000060   Data           4  fsl_mcg_hal.o(.data)
    g_slowInternalRefClkFreq                 0x20000064   Data           4  fsl_mcg_hal.o(.data)
    SystemCoreClock                          0x20000068   Data           4  system_mk64f12.o(.data)
    adc0_config                              0x2000006c   Data           9  init.o(.bss)
    __libspace_start                         0x20000088   Data          96  libspace.o(.bss)
    Image$$ARM_LIB_HEAP$$ZI$$Base            0x200000e8   Number         0  anon$$obj.o ABSOLUTE
    __temporary_stack_top$libspace           0x200000e8   Data           0  libspace.o(.bss)
    Image$$ARM_LIB_HEAP$$ZI$$Limit           0x200004e8   Number         0  anon$$obj.o ABSOLUTE
    Image$$ARM_LIB_STACK$$ZI$$Limit          0x20030000   Number         0  anon$$obj.o ABSOLUTE



==============================================================================

Memory Map of the image

  Image Entry point : 0x00000411

  Load Region LR_m_text (Base: 0x00000410, Size: 0x00004014, Max: 0x000ffbf0, ABSOLUTE)

    Execution Region ER_m_text (Exec base: 0x00000410, Load base: 0x00000410, Size: 0x00003fa8, Max: 0x000ffbf0, ABSOLUTE)

    Exec Addr    Load Addr    Size         Type   Attr      Idx    E Section Name        Object

    0x00000410   0x00000410   0x00000008   Code   RO         4331  * !!!main             c_w.l(__main.o)
    0x00000418   0x00000418   0x00000034   Code   RO         4586    !!!scatter          c_w.l(__scatter.o)
    0x0000044c   0x0000044c   0x0000001a   Code   RO         4588    !!handler_copy      c_w.l(__scatter_copy.o)
    0x00000466   0x00000466   0x00000002   PAD
    0x00000468   0x00000468   0x0000001c   Code   RO         4590    !!handler_zi        c_w.l(__scatter_zi.o)
    0x00000484   0x00000484   0x00000002   Code   RO         4525    .ARM.Collect$$libinit$$00000000  c_w.l(libinit.o)
    0x00000486   0x00000486   0x00000004   Code   RO         4389    .ARM.Collect$$libinit$$00000001  c_w.l(libinit2.o)
    0x0000048a   0x0000048a   0x00000000   Code   RO         4392    .ARM.Collect$$libinit$$00000004  c_w.l(libinit2.o)
    0x0000048a   0x0000048a   0x00000008   Code   RO         4540    .ARM.Collect$$libinit$$00000008  c_w.l(libinit5.o)
    0x00000492   0x00000492   0x00000000   Code   RO         4395    .ARM.Collect$$libinit$$0000000A  c_w.l(libinit2.o)
    0x00000492   0x00000492   0x00000000   Code   RO         4397    .ARM.Collect$$libinit$$0000000C  c_w.l(libinit2.o)
    0x00000492   0x00000492   0x00000000   Code   RO         4399    .ARM.Collect$$libinit$$0000000E  c_w.l(libinit2.o)
    0x00000492   0x00000492   0x00000000   Code   RO         4402    .ARM.Collect$$libinit$$00000011  c_w.l(libinit2.o)
    0x00000492   0x00000492   0x00000000   Code   RO         4404    .ARM.Collect$$libinit$$00000013  c_w.l(libinit2.o)
    0x00000492   0x00000492   0x00000000   Code   RO         4406    .ARM.Collect$$libinit$$00000015  c_w.l(libinit2.o)
    0x00000492   0x00000492   0x00000000   Code   RO         4408    .ARM.Collect$$libinit$$00000017  c_w.l(libinit2.o)
    0x00000492   0x00000492   0x00000000   Code   RO         4410    .ARM.Collect$$libinit$$00000019  c_w.l(libinit2.o)
    0x00000492   0x00000492   0x00000000   Code   RO         4412    .ARM.Collect$$libinit$$0000001B  c_w.l(libinit2.o)
    0x00000492   0x00000492   0x00000000   Code   RO         4414    .ARM.Collect$$libinit$$0000001D  c_w.l(libinit2.o)
    0x00000492   0x00000492   0x00000000   Code   RO         4416    .ARM.Collect$$libinit$$0000001F  c_w.l(libinit2.o)
    0x00000492   0x00000492   0x00000000   Code   RO         4418    .ARM.Collect$$libinit$$00000021  c_w.l(libinit2.o)
    0x00000492   0x00000492   0x00000000   Code   RO         4420    .ARM.Collect$$libinit$$00000023  c_w.l(libinit2.o)
    0x00000492   0x00000492   0x00000000   Code   RO         4422    .ARM.Collect$$libinit$$00000025  c_w.l(libinit2.o)
    0x00000492   0x00000492   0x00000000   Code   RO         4426    .ARM.Collect$$libinit$$0000002C  c_w.l(libinit2.o)
    0x00000492   0x00000492   0x00000000   Code   RO         4428    .ARM.Collect$$libinit$$0000002E  c_w.l(libinit2.o)
    0x00000492   0x00000492   0x00000000   Code   RO         4430    .ARM.Collect$$libinit$$00000030  c_w.l(libinit2.o)
    0x00000492   0x00000492   0x00000000   Code   RO         4432    .ARM.Collect$$libinit$$00000032  c_w.l(libinit2.o)
    0x00000492   0x00000492   0x00000002   Code   RO         4433    .ARM.Collect$$libinit$$00000033  c_w.l(libinit2.o)
    0x00000494   0x00000494   0x00000008   Code   RO         4541    .ARM.Collect$$libinit$$00002719  c_w.l(libinit5.o)
    0x0000049c   0x0000049c   0x00000002   Code   RO         4583    .ARM.Collect$$libshutdown$$00000000  c_w.l(libshutdown.o)
    0x0000049e   0x0000049e   0x00000000   Code   RO         4545    .ARM.Collect$$libshutdown$$00000002  c_w.l(libshutdown2.o)
    0x0000049e   0x0000049e   0x00000000   Code   RO         4547    .ARM.Collect$$libshutdown$$00000004  c_w.l(libshutdown2.o)
    0x0000049e   0x0000049e   0x00000000   Code   RO         4550    .ARM.Collect$$libshutdown$$00000007  c_w.l(libshutdown2.o)
    0x0000049e   0x0000049e   0x00000000   Code   RO         4553    .ARM.Collect$$libshutdown$$0000000A  c_w.l(libshutdown2.o)
    0x0000049e   0x0000049e   0x00000000   Code   RO         4555    .ARM.Collect$$libshutdown$$0000000C  c_w.l(libshutdown2.o)
    0x0000049e   0x0000049e   0x00000000   Code   RO         4558    .ARM.Collect$$libshutdown$$0000000F  c_w.l(libshutdown2.o)
    0x0000049e   0x0000049e   0x00000002   Code   RO         4559    .ARM.Collect$$libshutdown$$00000010  c_w.l(libshutdown2.o)
    0x000004a0   0x000004a0   0x00000000   Code   RO         4353    .ARM.Collect$$rtentry$$00000000  c_w.l(__rtentry.o)
    0x000004a0   0x000004a0   0x00000000   Code   RO         4449    .ARM.Collect$$rtentry$$00000002  c_w.l(__rtentry2.o)
    0x000004a0   0x000004a0   0x00000004   Code   RO         4463    .ARM.Collect$$rtentry$$00000007  c_w.l(__rtentry7.o)
    0x000004a4   0x000004a4   0x00000000   Code   RO         4451    .ARM.Collect$$rtentry$$00000009  c_w.l(__rtentry2.o)
    0x000004a4   0x000004a4   0x00000004   Code   RO         4452    .ARM.Collect$$rtentry$$0000000A  c_w.l(__rtentry2.o)
    0x000004a8   0x000004a8   0x00000000   Code   RO         4454    .ARM.Collect$$rtentry$$0000000C  c_w.l(__rtentry2.o)
    0x000004a8   0x000004a8   0x00000008   Code   RO         4455    .ARM.Collect$$rtentry$$0000000D  c_w.l(__rtentry2.o)
    0x000004b0   0x000004b0   0x00000004   Code   RO         4464    .ARM.Collect$$rtentry$$00002718  c_w.l(__rtentry7.o)
    0x000004b4   0x000004b4   0x00000002   Code   RO         4528    .ARM.Collect$$rtexit$$00000000  c_w.l(rtexit.o)
    0x000004b6   0x000004b6   0x00000000   Code   RO         4561    .ARM.Collect$$rtexit$$00000002  c_w.l(rtexit2.o)
    0x000004b6   0x000004b6   0x00000004   Code   RO         4562    .ARM.Collect$$rtexit$$00000003  c_w.l(rtexit2.o)
    0x000004ba   0x000004ba   0x00000006   Code   RO         4563    .ARM.Collect$$rtexit$$00000004  c_w.l(rtexit2.o)
    0x000004c0   0x000004c0   0x00000000   Code   RO         4472    .emb_text           c_w.l(maybetermalloc1.o)
    0x000004c0   0x000004c0   0x00000038   Code   RO         4213    .text               startup_mk64f12.o
    0x000004f8   0x000004f8   0x0000005e   Code   RO         4261    .text               c_w.l(h1_alloc.o)
    0x00000556   0x00000556   0x0000004e   Code   RO         4263    .text               c_w.l(h1_free.o)
    0x000005a4   0x000005a4   0x00000080   Code   RO         4321    .text               c_w.l(assert.o)
    0x00000624   0x00000624   0x0000003e   Code   RO         4323    .text               c_w.l(strlen.o)
    0x00000662   0x00000662   0x00000064   Code   RO         4325    .text               c_w.l(rt_memcpy_w.o)
    0x000006c6   0x000006c6   0x00000002   PAD
    0x000006c8   0x000006c8   0x00000008   Code   RO         4361    .text               c_w.l(rt_heap_descriptor_intlibspace.o)
    0x000006d0   0x000006d0   0x00000004   Code   RO         4363    .text               c_w.l(hguard.o)
    0x000006d4   0x000006d4   0x0000008a   Code   RO         4365    .text               c_w.l(init_alloc.o)
    0x0000075e   0x0000075e   0x0000000e   Code   RO         4369    .text               c_w.l(h1_init.o)
    0x0000076c   0x0000076c   0x00000016   Code   RO         4383    .text               c_w.l(abort.o)
    0x00000782   0x00000782   0x00000014   Code   RO         4385    .text               c_w.l(assert_puts.o)
    0x00000796   0x00000796   0x0000000e   Code   RO         4439    .text               c_w.l(sys_wrch.o)
    0x000007a4   0x000007a4   0x0000000c   Code   RO         4443    .text               c_w.l(sys_exit.o)
    0x000007b0   0x000007b0   0x00000034   Code   RO         4474    .text               c_w.l(h1_extend.o)
    0x000007e4   0x000007e4   0x0000000e   Code   RO         4478    .text               c_w.l(defsig_abrt_outer.o)
    0x000007f2   0x000007f2   0x0000000e   Code   RO         4482    .text               c_w.l(defsig_rtmem_outer.o)
    0x00000800   0x00000800   0x00000002   Code   RO         4495    .text               c_w.l(use_no_semi.o)
    0x00000802   0x00000802   0x00000000   Code   RO         4497    .text               c_w.l(indicate_semi.o)
    0x00000802   0x00000802   0x00000012   Code   RO         4504    .text               c_w.l(exit.o)
    0x00000814   0x00000814   0x0000000a   Code   RO         4506    .text               c_w.l(defsig_exit.o)
    0x0000081e   0x0000081e   0x00000002   PAD
    0x00000820   0x00000820   0x00000030   Code   RO         4508    .text               c_w.l(defsig_abrt_inner.o)
    0x00000850   0x00000850   0x00000050   Code   RO         4514    .text               c_w.l(defsig_rtmem_inner.o)
    0x000008a0   0x000008a0   0x00000032   Code   RO         4536    .text               c_w.l(defsig_general.o)
    0x000008d2   0x000008d2   0x00000002   PAD
    0x000008d4   0x000008d4   0x0000008c   Code   RO          188    i.ADC0_IRQHandler   init.o
    0x00000960   0x00000960   0x000000ac   Code   RO          189    i.ADC0_init         init.o
    0x00000a0c   0x00000a0c   0x000000bc   Code   RO         3574    i.ADC16_DoAutoCalibration  fsl_adc16.o
    0x00000ac8   0x00000ac8   0x0000008c   Code   RO         3575    i.ADC16_GetChannelStatusFlags  fsl_adc16.o
    0x00000b54   0x00000b54   0x00000084   Code   RO         3576    i.ADC16_GetDefaultConfig  fsl_adc16.o
    0x00000bd8   0x00000bd8   0x00000098   Code   RO         3577    i.ADC16_GetInstance  fsl_adc16.o
    0x00000c70   0x00000c70   0x0000001e   Code   RO         3578    i.ADC16_GetStatusFlags  fsl_adc16.o
    0x00000c8e   0x00000c8e   0x00000002   PAD
    0x00000c90   0x00000c90   0x0000010c   Code   RO         3579    i.ADC16_Init        fsl_adc16.o
    0x00000d9c   0x00000d9c   0x000000bc   Code   RO         3580    i.ADC16_SetChannelConfig  fsl_adc16.o
    0x00000e58   0x00000e58   0x00000068   Code   RO          540    i.BOARD_ClockInit   board.o
    0x00000ec0   0x00000ec0   0x00000018   Code   RO          541    i.BOARD_InitOsc0    board.o
    0x00000ed8   0x00000ed8   0x00000018   Code   RO          542    i.BOARD_InitRtcOsc  board.o
    0x00000ef0   0x00000ef0   0x00000040   Code   RO         1827    i.CLOCK_HAL_EnablePll0InFllMode  fsl_mcg_hal.o
    0x00000f30   0x00000f30   0x0000000a   Code   RO         1973    i.CLOCK_HAL_GetClkOutStat  fsl_mcg_hal_modes.o
    0x00000f3a   0x00000f3a   0x0000000a   Code   RO         3227    i.CLOCK_HAL_GetClkOutStat  fsl_clock_manager.o
    0x00000f44   0x00000f44   0x00000052   Code   RO         1831    i.CLOCK_HAL_GetFllClk  fsl_mcg_hal.o
    0x00000f96   0x00000f96   0x00000002   PAD
    0x00000f98   0x00000f98   0x0000004c   Code   RO         1832    i.CLOCK_HAL_GetFllRefClk  fsl_mcg_hal.o
    0x00000fe4   0x00000fe4   0x0000000e   Code   RO         1974    i.CLOCK_HAL_GetFllSrc  fsl_mcg_hal_modes.o
    0x00000ff2   0x00000ff2   0x00000002   PAD
    0x00000ff4   0x00000ff4   0x0000003c   Code   RO         1833    i.CLOCK_HAL_GetInternalRefClk  fsl_mcg_hal.o
    0x00001030   0x00001030   0x0000000e   Code   RO         1834    i.CLOCK_HAL_GetInternalRefClkMode  fsl_mcg_hal.o
    0x0000103e   0x0000103e   0x0000000e   Code   RO         1975    i.CLOCK_HAL_GetInternalRefClkMode  fsl_mcg_hal_modes.o
    0x0000104c   0x0000104c   0x00000012   Code   RO         1835    i.CLOCK_HAL_GetMcgExternalClkFreq  fsl_mcg_hal.o
    0x0000105e   0x0000105e   0x00000096   Code   RO         1976    i.CLOCK_HAL_GetMcgMode  fsl_mcg_hal_modes.o
    0x000010f4   0x000010f4   0x0000004e   Code   RO         1836    i.CLOCK_HAL_GetOutClk  fsl_mcg_hal.o
    0x00001142   0x00001142   0x00000044   Code   RO         1837    i.CLOCK_HAL_GetPll0Clk  fsl_mcg_hal.o
    0x00001186   0x00001186   0x0000000c   Code   RO         1838    i.CLOCK_HAL_GetPll0RefFreq  fsl_mcg_hal.o
    0x00001192   0x00001192   0x00000016   Code   RO         1977    i.CLOCK_HAL_IsOsc0Stable  fsl_mcg_hal_modes.o
    0x000011a8   0x000011a8   0x00000016   Code   RO         1978    i.CLOCK_HAL_IsPllSelected  fsl_mcg_hal_modes.o
    0x000011be   0x000011be   0x0000002a   Code   RO         1979    i.CLOCK_HAL_PrepareOsc  fsl_mcg_hal_modes.o
    0x000011e8   0x000011e8   0x0000000a   Code   RO         3228    i.CLOCK_HAL_SetClkOutSrc  fsl_clock_manager.o
    0x000011f2   0x000011f2   0x000000e4   Code   RO         1982    i.CLOCK_HAL_SetFbeMode  fsl_mcg_hal_modes.o
    0x000012d6   0x000012d6   0x00000002   PAD
    0x000012d8   0x000012d8   0x000000b4   Code   RO         1983    i.CLOCK_HAL_SetFbiMode  fsl_mcg_hal_modes.o
    0x0000138c   0x0000138c   0x0000000c   Code   RO         1839    i.CLOCK_HAL_SetInternalRefClkMode  fsl_mcg_hal.o
    0x00001398   0x00001398   0x0000000c   Code   RO         3229    i.CLOCK_HAL_SetLowPowerModeCmd  fsl_clock_manager.o
    0x000013a4   0x000013a4   0x00000024   Code   RO         1840    i.CLOCK_HAL_SetOsc0Mode  fsl_mcg_hal.o
    0x000013c8   0x000013c8   0x00000038   Code   RO         2251    i.CLOCK_HAL_SetOutDiv  fsl_sim_hal_mk64f12.o
    0x00001400   0x00001400   0x000000e8   Code   RO         1986    i.CLOCK_HAL_SetPbeMode  fsl_mcg_hal_modes.o
    0x000014e8   0x000014e8   0x00000046   Code   RO         1841    i.CLOCK_HAL_TestFllExternalRefFreq  fsl_mcg_hal.o
    0x0000152e   0x0000152e   0x00000002   PAD
    0x00001530   0x00001530   0x00000038   Code   RO         1842    i.CLOCK_HAL_TestFllFreq  fsl_mcg_hal.o
    0x00001568   0x00001568   0x00000034   Code   RO         1843    i.CLOCK_HAL_TestOscFreq  fsl_mcg_hal.o
    0x0000159c   0x0000159c   0x00000068   Code   RO         1845    i.CLOCK_HAL_UpdateFastClkInternalRefDiv  fsl_mcg_hal.o
    0x00001604   0x00001604   0x0000006c   Code   RO         2910    i.CLOCK_SYS_EnablePortClock  fsl_clock_mk64f12.o
    0x00001670   0x00001670   0x0000006c   Code   RO         2912    i.CLOCK_SYS_EnableUartClock  fsl_clock_mk64f12.o
    0x000016dc   0x000016dc   0x0000001e   Code   RO         2913    i.CLOCK_SYS_FllStableDelay  fsl_clock_mk64f12.o
    0x000016fa   0x000016fa   0x00000002   PAD
    0x000016fc   0x000016fc   0x00000024   Code   RO         2915    i.CLOCK_SYS_GetBusClockFreq  fsl_clock_mk64f12.o
    0x00001720   0x00001720   0x00000020   Code   RO         2916    i.CLOCK_SYS_GetCoreClockFreq  fsl_clock_mk64f12.o
    0x00001740   0x00001740   0x00000020   Code   RO         2937    i.CLOCK_SYS_GetSystemClockFreq  fsl_clock_mk64f12.o
    0x00001760   0x00001760   0x0000002e   Code   RO         2939    i.CLOCK_SYS_GetUartFreq  fsl_clock_mk64f12.o
    0x0000178e   0x0000178e   0x00000002   PAD
    0x00001790   0x00001790   0x000000d0   Code   RO         3234    i.CLOCK_SYS_OscInit  fsl_clock_manager.o
    0x00001860   0x00001860   0x000000fc   Code   RO         3236    i.CLOCK_SYS_RtcOscInit  fsl_clock_manager.o
    0x0000195c   0x0000195c   0x00000068   Code   RO         2943    i.CLOCK_SYS_SetConfiguration  fsl_clock_mk64f12.o
    0x000019c4   0x000019c4   0x00000158   Code   RO         3237    i.CLOCK_SYS_SetMcgMode  fsl_clock_manager.o
    0x00001b1c   0x00001b1c   0x00000048   Code   RO         3238    i.CLOCK_SYS_SetMcgPeeToFbe  fsl_clock_manager.o
    0x00001b64   0x00001b64   0x00000024   Code   RO         3239    i.CLOCK_SYS_SetOscerConfigration  fsl_clock_manager.o
    0x00001b88   0x00001b88   0x00000040   Code   RO         2944    i.CLOCK_SYS_SetSimConfigration  fsl_clock_mk64f12.o
    0x00001bc8   0x00001bc8   0x00000044   Code   RO          190    i.DAC0_init         init.o
    0x00001c0c   0x00001c0c   0x00000014   Code   RO          191    i.DAC0_set_value    init.o
    0x00001c20   0x00001c20   0x0000006c   Code   RO         4022    i.DAC_GetDefaultConfig  fsl_dac.o
    0x00001c8c   0x00001c8c   0x00000098   Code   RO         4023    i.DAC_GetInstance   fsl_dac.o
    0x00001d24   0x00001d24   0x000000b0   Code   RO         4024    i.DAC_Init          fsl_dac.o
    0x00001dd4   0x00001dd4   0x0000000a   Code   RO         1008    i.DMA0_IRQHandler   fsl_edma_irq.o
    0x00001dde   0x00001dde   0x0000000a   Code   RO         1009    i.DMA10_IRQHandler  fsl_edma_irq.o
    0x00001de8   0x00001de8   0x0000000a   Code   RO         1010    i.DMA11_IRQHandler  fsl_edma_irq.o
    0x00001df2   0x00001df2   0x0000000a   Code   RO         1011    i.DMA12_IRQHandler  fsl_edma_irq.o
    0x00001dfc   0x00001dfc   0x0000000a   Code   RO         1012    i.DMA13_IRQHandler  fsl_edma_irq.o
    0x00001e06   0x00001e06   0x0000000a   Code   RO         1013    i.DMA14_IRQHandler  fsl_edma_irq.o
    0x00001e10   0x00001e10   0x0000000a   Code   RO         1014    i.DMA15_IRQHandler  fsl_edma_irq.o
    0x00001e1a   0x00001e1a   0x0000000a   Code   RO         1015    i.DMA1_IRQHandler   fsl_edma_irq.o
    0x00001e24   0x00001e24   0x0000000a   Code   RO         1016    i.DMA2_IRQHandler   fsl_edma_irq.o
    0x00001e2e   0x00001e2e   0x0000000a   Code   RO         1017    i.DMA3_IRQHandler   fsl_edma_irq.o
    0x00001e38   0x00001e38   0x0000000a   Code   RO         1018    i.DMA4_IRQHandler   fsl_edma_irq.o
    0x00001e42   0x00001e42   0x0000000a   Code   RO         1019    i.DMA5_IRQHandler   fsl_edma_irq.o
    0x00001e4c   0x00001e4c   0x0000000a   Code   RO         1020    i.DMA6_IRQHandler   fsl_edma_irq.o
    0x00001e56   0x00001e56   0x0000000a   Code   RO         1021    i.DMA7_IRQHandler   fsl_edma_irq.o
    0x00001e60   0x00001e60   0x0000000a   Code   RO         1022    i.DMA8_IRQHandler   fsl_edma_irq.o
    0x00001e6a   0x00001e6a   0x0000000a   Code   RO         1023    i.DMA9_IRQHandler   fsl_edma_irq.o
    0x00001e74   0x00001e74   0x000000bc   Code   RO         3431    i.DbgConsole_Init   fsl_debug_console.o
    0x00001f30   0x00001f30   0x00000034   Code   RO          844    i.EDMA_DRV_ClearIntStatus  fsl_edma_driver.o
    0x00001f64   0x00001f64   0x0000002c   Code   RO          849    i.EDMA_DRV_IRQHandler  fsl_edma_driver.o
    0x00001f90   0x00001f90   0x00000018   Code   RO          192    i.EnableIRQ         init.o
    0x00001fa8   0x00001fa8   0x00000030   Code   RO         1156    i.GPIO_DRV_Init     fsl_gpio_driver.o
    0x00001fd8   0x00001fd8   0x00000120   Code   RO         1157    i.GPIO_DRV_InputPinInit  fsl_gpio_driver.o
    0x000020f8   0x000020f8   0x000000d8   Code   RO         1159    i.GPIO_DRV_OutputPinInit  fsl_gpio_driver.o
    0x000021d0   0x000021d0   0x00000044   Code   RO         1749    i.GPIO_HAL_SetPinDir  fsl_gpio_hal.o
    0x00002214   0x00002214   0x0000003c   Code   RO         1750    i.GPIO_HAL_WritePinOutput  fsl_gpio_hal.o
    0x00002250   0x00002250   0x00000084   Code   RO         1166    i.INT_SYS_EnableIRQ  fsl_gpio_driver.o
    0x000022d4   0x000022d4   0x00000014   Code   RO          483    i.LED_Initialize    led_frdm_k64f.o
    0x000022e8   0x000022e8   0x00000038   Code   RO          193    i.NMI_Handler       init.o
    0x00002320   0x00002320   0x0000000c   Code   RO         2079    i.OSC_HAL_SetCapacitor  fsl_osc_hal.o
    0x0000232c   0x0000232c   0x0000000a   Code   RO         3241    i.OSC_HAL_SetExternalRefClkCmd  fsl_clock_manager.o
    0x00002336   0x00002336   0x0000000a   Code   RO         3242    i.OSC_HAL_SetExternalRefClkInStopModeCmd  fsl_clock_manager.o
    0x00002340   0x00002340   0x00000200   Code   RO          194    i.PIT0_IRQHandler   init.o
    0x00002540   0x00002540   0x00000044   Code   RO          195    i.PIT0_init         init.o
    0x00002584   0x00002584   0x00000018   Code   RO          196    i.PIT1_IRQHandler   init.o
    0x0000259c   0x0000259c   0x00000050   Code   RO          197    i.PIT1_init         init.o
    0x000025ec   0x000025ec   0x000000b0   Code   RO          198    i.PIT2_IRQHandler   init.o
    0x0000269c   0x0000269c   0x00000058   Code   RO          199    i.PIT2_init         init.o
    0x000026f4   0x000026f4   0x0000000c   Code   RO          200    i.PIT_ClearStatusFlags  init.o
    0x00002700   0x00002700   0x0000001a   Code   RO          201    i.PIT_EnableInterrupts  init.o
    0x0000271a   0x0000271a   0x00000002   PAD
    0x0000271c   0x0000271c   0x00000098   Code   RO         4154    i.PIT_GetInstance   fsl_pit.o
    0x000027b4   0x000027b4   0x0000009c   Code   RO         4155    i.PIT_Init          fsl_pit.o
    0x00002850   0x00002850   0x0000000c   Code   RO          202    i.PIT_SetTimerPeriod  init.o
    0x0000285c   0x0000285c   0x0000001a   Code   RO            7    i.PIT_StartTimer    main.o
    0x00002876   0x00002876   0x00000002   PAD
    0x00002878   0x00002878   0x00000014   Code   RO          203    i.PORTC_IRQHandler  init.o
    0x0000288c   0x0000288c   0x0000003c   Code   RO         1167    i.PORT_HAL_SetDigitalFilterCmd  fsl_gpio_driver.o
    0x000028c8   0x000028c8   0x00000044   Code   RO          653    i.PORT_HAL_SetMuxMode  pin_mux.o
    0x0000290c   0x0000290c   0x00000044   Code   RO         1168    i.PORT_HAL_SetMuxMode  fsl_gpio_driver.o
    0x00002950   0x00002950   0x0000000e   Code   RO         3243    i.RTC_HAL_SetOscillatorCmd  fsl_clock_manager.o
    0x0000295e   0x0000295e   0x00000022   Code   RO         2946    i.SIM_HAL_EnableClock  fsl_clock_mk64f12.o
    0x00002980   0x00002980   0x0000002c   Code   RO         4221    i.SystemInit        system_mk64f12.o
    0x000029ac   0x000029ac   0x0000000c   Code   RO         2415    i.UART_HAL_Getchar  fsl_uart_hal.o
    0x000029b8   0x000029b8   0x0000000a   Code   RO         2419    i.UART_HAL_Putchar  fsl_uart_hal.o
    0x000029c2   0x000029c2   0x00000056   Code   RO         2421    i.UART_HAL_ReceiveDataPolling  fsl_uart_hal.o
    0x00002a18   0x00002a18   0x0000002e   Code   RO         2425    i.UART_HAL_SendDataPolling  fsl_uart_hal.o
    0x00002a46   0x00002a46   0x00000044   Code   RO         2426    i.UART_HAL_SetBaudRate  fsl_uart_hal.o
    0x00002a8a   0x00002a8a   0x0000001c   Code   RO         2433    i.UART_HAL_SetParityMode  fsl_uart_hal.o
    0x00002aa6   0x00002aa6   0x0000001a   Code   RO          204    i.__NVIC_EnableIRQ  init.o
    0x00002ac0   0x00002ac0   0x00000028   Code   RO            8    i.__NVIC_SetPriority  main.o
    0x00002ae8   0x00002ae8   0x00000564   Code   RO         3523    i._doprint          print_scan.o
    0x0000304c   0x0000304c   0x00000088   Code   RO          205    i.buttons_init      init.o
    0x000030d4   0x000030d4   0x00000048   Code   RO          672    i.configure_uart_pins  pin_mux.o
    0x0000311c   0x0000311c   0x00000016   Code   RO          543    i.dbg_uart_init     board.o
    0x00003132   0x00003132   0x00000002   PAD
    0x00003134   0x00003134   0x00000024   Code   RO         3432    i.debug_getchar     fsl_debug_console.o
    0x00003158   0x00003158   0x0000003c   Code   RO         3433    i.debug_printf      fsl_debug_console.o
    0x00003194   0x00003194   0x0000002c   Code   RO         3434    i.debug_putc        fsl_debug_console.o
    0x000031c0   0x000031c0   0x00000030   Code   RO         3525    i.fput_pad          print_scan.o
    0x000031f0   0x000031f0   0x00000018   Code   RO         4190    i.hardware_init     hardware_init.o
    0x00003208   0x00003208   0x00000048   Code   RO          793    i.init_data_bss     startup.o
    0x00003250   0x00003250   0x0000019c   Code   RO            9    i.main              main.o
    0x000033ec   0x000033ec   0x000000a6   Code   RO         3526    i.mknumstr          print_scan.o
    0x00003492   0x00003492   0x00000002   PAD
    0x00003494   0x00003494   0x00000094   Code   RO          147    i.raw_to_temp       converter.o
    0x00003528   0x00003528   0x00000054   Code   RO          148    i.removeMinMax      converter.o
    0x0000357c   0x0000357c   0x00000038   Code   RO          338    i.resetDigit        seg_lib.o
    0x000035b4   0x000035b4   0x00000178   Code   RO          206    i.segment_init      init.o
    0x0000372c   0x0000372c   0x00000034   Code   RO          339    i.setEight          seg_lib.o
    0x00003760   0x00003760   0x0000003c   Code   RO          340    i.setFive           seg_lib.o
    0x0000379c   0x0000379c   0x00000038   Code   RO          341    i.setFour           seg_lib.o
    0x000037d4   0x000037d4   0x00000038   Code   RO          342    i.setNine           seg_lib.o
    0x0000380c   0x0000380c   0x00000038   Code   RO          343    i.setOne            seg_lib.o
    0x00003844   0x00003844   0x00000034   Code   RO          344    i.setSeven          seg_lib.o
    0x00003878   0x00003878   0x00000038   Code   RO          345    i.setSix            seg_lib.o
    0x000038b0   0x000038b0   0x00000038   Code   RO          346    i.setThree          seg_lib.o
    0x000038e8   0x000038e8   0x0000003c   Code   RO          347    i.setTwo            seg_lib.o
    0x00003924   0x00003924   0x00000034   Code   RO          348    i.setZero           seg_lib.o
    0x00003958   0x00003958   0x00000148   Code   RO          349    i.set_display       seg_lib.o
    0x00003aa0   0x00003aa0   0x00000150   Code   RO         4333    x$fpl$dadd          fz_wm.l(daddsub_clz.o)
    0x00003bf0   0x00003bf0   0x0000005e   Code   RO         4339    x$fpl$dfix          fz_wm.l(dfix.o)
    0x00003c4e   0x00003c4e   0x0000002e   Code   RO         4344    x$fpl$dflt          fz_wm.l(dflt_clz.o)
    0x00003c7c   0x00003c7c   0x00000154   Code   RO         4349    x$fpl$dmul          fz_wm.l(dmul.o)
    0x00003dd0   0x00003dd0   0x0000009c   Code   RO         4434    x$fpl$dnaninf       fz_wm.l(dnaninf.o)
    0x00003e6c   0x00003e6c   0x0000000c   Code   RO         4436    x$fpl$dretinf       fz_wm.l(dretinf.o)
    0x00003e78   0x00003e78   0x000001d4   Code   RO         4335    x$fpl$dsub          fz_wm.l(daddsub_clz.o)
    0x0000404c   0x0000404c   0x0000000a   Code   RO         4493    x$fpl$fpinit        fz_wm.l(fpinit.o)
    0x00004056   0x00004056   0x00000000   Code   RO         4438    x$fpl$usenofp       fz_wm.l(usenofp.o)
    0x00004056   0x00004056   0x00000002   PAD
    0x00004058   0x00004058   0x00000048   Data   RO          544    .constdata          board.o
    0x000040a0   0x000040a0   0x00000048   Data   RO          627    .constdata          gpio_pins.o
    0x000040e8   0x000040e8   0x00000019   Data   RO          821    .constdata          fsl_edma_common.o
    0x00004101   0x00004101   0x00000003   PAD
    0x00004104   0x00004104   0x0000002d   Data   RO         1132    .constdata          fsl_gpio_common.o
    0x00004131   0x00004131   0x00000003   PAD
    0x00004134   0x00004134   0x00000006   Data   RO         1282    .constdata          fsl_rtc_common.o
    0x0000413a   0x0000413a   0x00000030   Data   RO         1846    .constdata          fsl_mcg_hal.o
    0x0000416a   0x0000416a   0x00000019   Data   RO         2948    .constdata          fsl_clock_mk64f12.o
    0x00004183   0x00004183   0x00000001   PAD
    0x00004184   0x00004184   0x0000000c   Data   RO         3362    .constdata          fsl_clock_manager_common.o
    0x00004190   0x00004190   0x00000018   Data   RO         3440    .constdata          fsl_debug_console.o
    0x000041a8   0x000041a8   0x00000010   Data   RO         3584    .constdata          fsl_adc16.o
    0x000041b8   0x000041b8   0x00000010   Data   RO         4028    .constdata          fsl_dac.o
    0x000041c8   0x000041c8   0x00000008   Data   RO         4156    .constdata          fsl_pit.o
    0x000041d0   0x000041d0   0x0000004f   Data   RO          545    .conststring        board.o
    0x0000421f   0x0000421f   0x00000001   PAD
    0x00004220   0x00004220   0x0000005b   Data   RO         1169    .conststring        fsl_gpio_driver.o
    0x0000427b   0x0000427b   0x00000001   PAD
    0x0000427c   0x0000427c   0x00000054   Data   RO         1751    .conststring        fsl_gpio_hal.o
    0x000042d0   0x000042d0   0x00000065   Data   RO         2949    .conststring        fsl_clock_mk64f12.o
    0x00004335   0x00004335   0x00000003   PAD
    0x00004338   0x00004338   0x0000005d   Data   RO         3245    .conststring        fsl_clock_manager.o
    0x00004395   0x00004395   0x00000003   PAD
    0x00004398   0x00004398   0x00000020   Data   RO         4584    Region$$Table       anon$$obj.o


    Execution Region RW_m_data (Exec base: 0x1fff0000, Load base: 0x000043b8, Size: 0x00000000, Max: 0x00010000, ABSOLUTE)

    **** No section assigned to this execution region ****


    Execution Region RW_m_data_2 (Exec base: 0x20000000, Load base: 0x000043b8, Size: 0x000000e8, Max: 0x0002f800, ABSOLUTE)

    Exec Addr    Load Addr    Size         Type   Attr      Idx    E Section Name        Object

    0x20000000   0x000043b8   0x00000030   Data   RW          208    .data               init.o
    0x20000030   0x000043e8   0x00000024   Data   RW          350    .data               seg_lib.o
    0x20000054   0x0000440c   0x00000004   Data   RW          864    .data               fsl_edma_driver.o
    0x20000058   0x00004410   0x00000010   Data   RW         1847    .data               fsl_mcg_hal.o
    0x20000068   0x00004420   0x00000004   Data   RW         4222    .data               system_mk64f12.o
    0x2000006c        -       0x00000009   Zero   RW          207    .bss                init.o
    0x20000075   0x00004424   0x00000003   PAD
    0x20000078        -       0x00000010   Zero   RW         3439    .bss                fsl_debug_console.o
    0x20000088        -       0x00000060   Zero   RW         4446    .bss                c_w.l(libspace.o)


    Execution Region ARM_LIB_HEAP (Exec base: 0x200000e8, Load base: 0x00004424, Size: 0x00000400, Max: 0x00000400, ABSOLUTE)

    Exec Addr    Load Addr    Size         Type   Attr      Idx    E Section Name        Object

    0x200000e8        -       0x00000400   Zero   RW            1    ARM_LIB_HEAP.bss    anon$$obj.o


    Execution Region ARM_LIB_STACK (Exec base: 0x2002fc00, Load base: 0x00004424, Size: 0x00000400, Max: 0x00000400, ABSOLUTE)

    Exec Addr    Load Addr    Size         Type   Attr      Idx    E Section Name        Object

    0x2002fc00        -       0x00000400   Zero   RW            2    ARM_LIB_STACK.bss   anon$$obj.o



  Load Region LR_m_interrupts (Base: 0x00000000, Size: 0x00000400, Max: 0x00000400, ABSOLUTE)

    Execution Region VECTOR_RAM (Exec base: 0x00000000, Load base: 0x00000000, Size: 0x00000000, Max: 0x00000000, ABSOLUTE)

    Exec Addr    Load Addr    Size         Type   Attr      Idx    E Section Name        Object

    0x00000000        -       0x00000000   Zero   RW            3    VECTOR_RAM.bss      anon$$obj.o


    Execution Region VECTOR_ROM (Exec base: 0x00000000, Load base: 0x00000000, Size: 0x00000400, Max: 0x00000400, ABSOLUTE)

    Exec Addr    Load Addr    Size         Type   Attr      Idx    E Section Name        Object

    0x00000000   0x00000000   0x00000400   Data   RO         4211    RESET               startup_mk64f12.o



  Load Region LR_m_flash_config (Base: 0x00000400, Size: 0x00000010, Max: 0x00000010, ABSOLUTE)

    Execution Region ER_m_flash_config (Exec base: 0x00000400, Load base: 0x00000400, Size: 0x00000010, Max: 0x00000010, ABSOLUTE)

    Exec Addr    Load Addr    Size         Type   Attr      Idx    E Section Name        Object

    0x00000400   0x00000400   0x00000010   Data   RO         4212    FlashConfig         startup_mk64f12.o


==============================================================================

Image component sizes


      Code (inc. data)   RO Data    RW Data    ZI Data      Debug   Object Name

       174         40        151          0          0      33659   board.o
       232         32          0          0          0       2821   converter.o
      1098        482         16          0          0      13049   fsl_adc16.o
       978        110         93          0          0      29917   fsl_clock_manager.o
         0          0         12          0          0        904   fsl_clock_manager_common.o
       594        222        126          0          0      29059   fsl_clock_mk64f12.o
       436        274         16          0          0       2566   fsl_dac.o
       328         34         24          0         16      15686   fsl_debug_console.o
         0          0         25          0          0        913   fsl_edma_common.o
        96         12          0          4          0      11724   fsl_edma_driver.o
       160          0          0          0          0       9086   fsl_edma_irq.o
         0          0         45          0          0        788   fsl_gpio_common.o
       812        154         91          0          0      38532   fsl_gpio_driver.o
       128         34         84          0          0       1871   fsl_gpio_hal.o
       802         40         48         16          0      16914   fsl_mcg_hal.o
       914         14          0          0          0      12600   fsl_mcg_hal_modes.o
         0          0          0          0          0       9164   fsl_os_abstraction_bm.o
        12          0          0          0          0       1011   fsl_osc_hal.o
       308        188          8          0          0       1915   fsl_pit.o
         0          0          6          0          0        781   fsl_rtc_common.o
        56          0          0          0          0       1458   fsl_sim_hal_mk64f12.o
       250          0          0          0          0      12807   fsl_uart_hal.o
         0          0         72          0          0        767   gpio_pins.o
        24          0          0          0          0        552   hardware_init.o
      2036        366          0         48          9      49256   init.o
        20          6          0          0          0        617   led_frdm_k64f.o
       478         82          0          0          0     637335   main.o
       140         30          0          0          0       3258   pin_mux.o
      1594         26          0          0          0       5795   print_scan.o
       940         88          0         36          0       6380   seg_lib.o
        72         18          0          0          0        580   startup.o
        56         18       1040          0          0        876   startup_mk64f12.o
        44         10          0          4          0        795   system_mk64f12.o

    ----------------------------------------------------------------------
     12804       2280       1904        108       2076     953436   Object Totals
         0          0         32          0       2048          0   (incl. Generated)
        22          0         15          0          3          0   (incl. Padding)

    ----------------------------------------------------------------------

      Code (inc. data)   RO Data    RW Data    ZI Data      Debug   Library Member Name

         8          0          0          0          0         68   __main.o
         0          0          0          0          0          0   __rtentry.o
        12          0          0          0          0          0   __rtentry2.o
         8          4          0          0          0          0   __rtentry7.o
        52          8          0          0          0          0   __scatter.o
        26          0          0          0          0          0   __scatter_copy.o
        28          0          0          0          0          0   __scatter_zi.o
        22          0          0          0          0         80   abort.o
       128         42          0          0          0         76   assert.o
        20          0          0          0          0         76   assert_puts.o
        48         34          0          0          0         76   defsig_abrt_inner.o
        14          0          0          0          0         80   defsig_abrt_outer.o
        10          0          0          0          0         68   defsig_exit.o
        50          0          0          0          0         88   defsig_general.o
        80         58          0          0          0         76   defsig_rtmem_inner.o
        14          0          0          0          0         80   defsig_rtmem_outer.o
        18          0          0          0          0         80   exit.o
        94          0          0          0          0         80   h1_alloc.o
        52          0          0          0          0         68   h1_extend.o
        78          0          0          0          0         80   h1_free.o
        14          0          0          0          0         84   h1_init.o
         4          0          0          0          0        136   hguard.o
         0          0          0          0          0          0   indicate_semi.o
       138          0          0          0          0        168   init_alloc.o
         2          0          0          0          0          0   libinit.o
         6          0          0          0          0          0   libinit2.o
        16          8          0          0          0          0   libinit5.o
         2          0          0          0          0          0   libshutdown.o
         2          0          0          0          0          0   libshutdown2.o
         0          0          0          0         96          0   libspace.o
         0          0          0          0          0          0   maybetermalloc1.o
         8          4          0          0          0         68   rt_heap_descriptor_intlibspace.o
       100          0          0          0          0         80   rt_memcpy_w.o
         2          0          0          0          0          0   rtexit.o
        10          0          0          0          0          0   rtexit2.o
        62          0          0          0          0         76   strlen.o
        12          4          0          0          0         68   sys_exit.o
        14          0          0          0          0         76   sys_wrch.o
         2          0          0          0          0         68   use_no_semi.o
       804         16          0          0          0        368   daddsub_clz.o
        94          4          0          0          0        140   dfix.o
        46          0          0          0          0        116   dflt_clz.o
       340         12          0          0          0        152   dmul.o
       156          4          0          0          0        140   dnaninf.o
        12          0          0          0          0        116   dretinf.o
        10          0          0          0          0        116   fpinit.o
         0          0          0          0          0          0   usenofp.o

    ----------------------------------------------------------------------
      2628        198          0          0         96       3048   Library Totals
        10          0          0          0          0          0   (incl. Padding)

    ----------------------------------------------------------------------

      Code (inc. data)   RO Data    RW Data    ZI Data      Debug   Library Name

      1156        162          0          0         96       1900   c_w.l
      1462         36          0          0          0       1148   fz_wm.l

    ----------------------------------------------------------------------
      2628        198          0          0         96       3048   Library Totals

    ----------------------------------------------------------------------

==============================================================================


      Code (inc. data)   RO Data    RW Data    ZI Data      Debug   

     15432       2478       1904        108       2172     940696   Grand Totals
     15432       2478       1904        108       2172     940696   ELF Image Totals
     15432       2478       1904        108          0          0   ROM Totals

==============================================================================

    Total RO  Size (Code + RO Data)                17336 (  16.93kB)
    Total RW  Size (RW Data + ZI Data)              2280 (   2.23kB)
    Total ROM Size (Code + RO Data + RW Data)      17444 (  17.04kB)

==============================================================================

